Archive member included because of file (symbol)

c:/gharib/avr/winavr/bin/../lib/gcc/avr/4.3.3/avr5\libgcc.a(_mulsi3.o)
                              ./HAL/LM35_SENSOR/TEMP_PROGRAM.o (__mulsi3)
c:/gharib/avr/winavr/bin/../lib/gcc/avr/4.3.3/avr5\libgcc.a(_udivmodsi4.o)
                              ./HAL/STEPPER_MOTOR/STEPPER_PROGRAM.o (__udivmodsi4)
c:/gharib/avr/winavr/bin/../lib/gcc/avr/4.3.3/avr5\libgcc.a(_divmodsi4.o)
                              ./HAL/LCD/LCD_PROGRAM.o (__divmodsi4)
c:/gharib/avr/winavr/bin/../lib/gcc/avr/4.3.3/avr5\libgcc.a(_exit.o)
                              c:/gharib/avr/winavr/bin/../lib/gcc/avr/4.3.3/../../../../avr/lib/avr5/crtm32.o (exit)
c:/gharib/avr/winavr/bin/../lib/gcc/avr/4.3.3/avr5\libgcc.a(_copy_data.o)
                              ./HAL/KEYPAD/KEYPAD_PROGRAM.o (__do_copy_data)
c:/gharib/avr/winavr/bin/../lib/gcc/avr/4.3.3/avr5\libgcc.a(_clear_bss.o)
                              ./MCAL/TIMER/TIMER_PROGRAM.o (__do_clear_bss)
c:/gharib/avr/winavr/bin/../lib/gcc/avr/4.3.3/avr5\libgcc.a(_fixunssfsi.o)
                              ./HAL/STEPPER_MOTOR/STEPPER_PROGRAM.o (__fixunssfsi)
c:/gharib/avr/winavr/bin/../lib/gcc/avr/4.3.3/avr5\libgcc.a(_addsub_sf.o)
                              c:/gharib/avr/winavr/bin/../lib/gcc/avr/4.3.3/avr5\libgcc.a(_fixunssfsi.o) (__subsf3)
c:/gharib/avr/winavr/bin/../lib/gcc/avr/4.3.3/avr5\libgcc.a(_mul_sf.o)
                              ./HAL/STEPPER_MOTOR/STEPPER_PROGRAM.o (__mulsf3)
c:/gharib/avr/winavr/bin/../lib/gcc/avr/4.3.3/avr5\libgcc.a(_gt_sf.o)
                              ./HAL/STEPPER_MOTOR/STEPPER_PROGRAM.o (__gtsf2)
c:/gharib/avr/winavr/bin/../lib/gcc/avr/4.3.3/avr5\libgcc.a(_ge_sf.o)
                              c:/gharib/avr/winavr/bin/../lib/gcc/avr/4.3.3/avr5\libgcc.a(_fixunssfsi.o) (__gesf2)
c:/gharib/avr/winavr/bin/../lib/gcc/avr/4.3.3/avr5\libgcc.a(_lt_sf.o)
                              ./HAL/STEPPER_MOTOR/STEPPER_PROGRAM.o (__ltsf2)
c:/gharib/avr/winavr/bin/../lib/gcc/avr/4.3.3/avr5\libgcc.a(_sf_to_si.o)
                              c:/gharib/avr/winavr/bin/../lib/gcc/avr/4.3.3/avr5\libgcc.a(_fixunssfsi.o) (__fixsfsi)
c:/gharib/avr/winavr/bin/../lib/gcc/avr/4.3.3/avr5\libgcc.a(_thenan_sf.o)
                              c:/gharib/avr/winavr/bin/../lib/gcc/avr/4.3.3/avr5\libgcc.a(_addsub_sf.o) (__thenan_sf)
c:/gharib/avr/winavr/bin/../lib/gcc/avr/4.3.3/avr5\libgcc.a(_prologue.o)
                              c:/gharib/avr/winavr/bin/../lib/gcc/avr/4.3.3/avr5\libgcc.a(_addsub_sf.o) (__prologue_saves__)
c:/gharib/avr/winavr/bin/../lib/gcc/avr/4.3.3/avr5\libgcc.a(_epilogue.o)
                              c:/gharib/avr/winavr/bin/../lib/gcc/avr/4.3.3/avr5\libgcc.a(_addsub_sf.o) (__epilogue_restores__)
c:/gharib/avr/winavr/bin/../lib/gcc/avr/4.3.3/avr5\libgcc.a(_pack_sf.o)
                              c:/gharib/avr/winavr/bin/../lib/gcc/avr/4.3.3/avr5\libgcc.a(_addsub_sf.o) (__pack_f)
c:/gharib/avr/winavr/bin/../lib/gcc/avr/4.3.3/avr5\libgcc.a(_unpack_sf.o)
                              c:/gharib/avr/winavr/bin/../lib/gcc/avr/4.3.3/avr5\libgcc.a(_addsub_sf.o) (__unpack_f)
c:/gharib/avr/winavr/bin/../lib/gcc/avr/4.3.3/avr5\libgcc.a(_fpcmp_parts_sf.o)
                              c:/gharib/avr/winavr/bin/../lib/gcc/avr/4.3.3/avr5\libgcc.a(_gt_sf.o) (__fpcmp_parts_f)

Allocating common symbols
Common symbol       size              file

TIMER_pvCallBackFunc
                    0xc               ./MCAL/TIMER/TIMER_PROGRAM.o
EXT_INT_2_CALL_BACK
                    0x2               ./MCAL/EXT_INT/EXTI_PROGRAM.o
EXT_INT_0_CALL_BACK
                    0x2               ./MCAL/EXT_INT/EXTI_PROGRAM.o
EXT_INT_1_CALL_BACK
                    0x2               ./MCAL/EXT_INT/EXTI_PROGRAM.o
Adc_Int_CALL_BACK   0x2               ./MCAL/ADC/ADC_PROGRAM.o

Memory Configuration

Name             Origin             Length             Attributes
text             0x00000000         0x00020000         xr
data             0x00800060         0x0000ffa0         rw !x
eeprom           0x00810000         0x00010000         rw !x
fuse             0x00820000         0x00000400         rw !x
lock             0x00830000         0x00000400         rw !x
signature        0x00840000         0x00000400         rw !x
*default*        0x00000000         0xffffffff

Linker script and memory map

LOAD c:/gharib/avr/winavr/bin/../lib/gcc/avr/4.3.3/../../../../avr/lib/avr5/crtm32.o
LOAD ./MCAL/UART/UART_PROGRAM.o
LOAD ./MCAL/TIMER/TIMER_PROGRAM.o
LOAD ./MCAL/SPI/SPI_PROGRAM.o
LOAD ./MCAL/EXT_INT/EXTI_PROGRAM.o
LOAD ./MCAL/DIO/DIO_PROGRAM.o
LOAD ./MCAL/ADC/ADC_PROGRAM.o
LOAD ./HAL/STEPPER_MOTOR/STEPPER_PROGRAM.o
LOAD ./HAL/SSD/SSD_PROGRAM.o
LOAD ./HAL/LM35_SENSOR/TEMP_PROGRAM.o
LOAD ./HAL/LED/LED_PROGRAM.o
LOAD ./HAL/LDR_SENSOR/LDR_PROGRAM.o
LOAD ./HAL/LCD/LCD_PROGRAM.o
LOAD ./HAL/KEYPAD/KEYPAD_PROGRAM.o
LOAD ./HAL/DIP_SWITCH/DIP_PROGRAM.o
LOAD ./HAL/DC_MOTOR/DCMOTOR_PROGRAM.o
LOAD ./APP/TIMER/APP_TIMER.o
LOAD ./APP/main.o
LOAD c:/gharib/avr/winavr/bin/../lib/gcc/avr/4.3.3/avr5\libgcc.a
LOAD c:/gharib/avr/winavr/bin/../lib/gcc/avr/4.3.3/../../../../avr/lib/avr5\libc.a
LOAD c:/gharib/avr/winavr/bin/../lib/gcc/avr/4.3.3/avr5\libgcc.a

.hash
 *(.hash)

.dynsym
 *(.dynsym)

.dynstr
 *(.dynstr)

.gnu.version
 *(.gnu.version)

.gnu.version_d
 *(.gnu.version_d)

.gnu.version_r
 *(.gnu.version_r)

.rel.init
 *(.rel.init)

.rela.init
 *(.rela.init)

.rel.text
 *(.rel.text)
 *(.rel.text.*)
 *(.rel.gnu.linkonce.t*)

.rela.text
 *(.rela.text)
 *(.rela.text.*)
 *(.rela.gnu.linkonce.t*)

.rel.fini
 *(.rel.fini)

.rela.fini
 *(.rela.fini)

.rel.rodata
 *(.rel.rodata)
 *(.rel.rodata.*)
 *(.rel.gnu.linkonce.r*)

.rela.rodata
 *(.rela.rodata)
 *(.rela.rodata.*)
 *(.rela.gnu.linkonce.r*)

.rel.data
 *(.rel.data)
 *(.rel.data.*)
 *(.rel.gnu.linkonce.d*)

.rela.data
 *(.rela.data)
 *(.rela.data.*)
 *(.rela.gnu.linkonce.d*)

.rel.ctors
 *(.rel.ctors)

.rela.ctors
 *(.rela.ctors)

.rel.dtors
 *(.rel.dtors)

.rela.dtors
 *(.rela.dtors)

.rel.got
 *(.rel.got)

.rela.got
 *(.rela.got)

.rel.bss
 *(.rel.bss)

.rela.bss
 *(.rela.bss)

.rel.plt
 *(.rel.plt)

.rela.plt
 *(.rela.plt)

.text           0x00000000     0x4354
 *(.vectors)
 .vectors       0x00000000       0x54 c:/gharib/avr/winavr/bin/../lib/gcc/avr/4.3.3/../../../../avr/lib/avr5/crtm32.o
                0x00000000                __vectors
                0x00000000                __vector_default
 *(.vectors)
 *(.progmem.gcc*)
 *(.progmem*)
                0x00000054                . = ALIGN (0x2)
                0x00000054                __trampolines_start = .
 *(.trampolines)
 .trampolines   0x00000054        0x0 linker stubs
 *(.trampolines*)
                0x00000054                __trampolines_end = .
 *(.jumptables)
 *(.jumptables*)
 *(.lowtext)
 *(.lowtext*)
                0x00000054                __ctors_start = .
 *(.ctors)
                0x00000054                __ctors_end = .
                0x00000054                __dtors_start = .
 *(.dtors)
                0x00000054                __dtors_end = .
 SORT(*)(.ctors)
 SORT(*)(.dtors)
 *(.init0)
 .init0         0x00000054        0x0 c:/gharib/avr/winavr/bin/../lib/gcc/avr/4.3.3/../../../../avr/lib/avr5/crtm32.o
                0x00000054                __init
 *(.init0)
 *(.init1)
 *(.init1)
 *(.init2)
 .init2         0x00000054        0xc c:/gharib/avr/winavr/bin/../lib/gcc/avr/4.3.3/../../../../avr/lib/avr5/crtm32.o
 *(.init2)
 *(.init3)
 *(.init3)
 *(.init4)
 .init4         0x00000060       0x16 c:/gharib/avr/winavr/bin/../lib/gcc/avr/4.3.3/avr5\libgcc.a(_copy_data.o)
                0x00000060                __do_copy_data
 .init4         0x00000076       0x10 c:/gharib/avr/winavr/bin/../lib/gcc/avr/4.3.3/avr5\libgcc.a(_clear_bss.o)
                0x00000076                __do_clear_bss
 *(.init4)
 *(.init5)
 *(.init5)
 *(.init6)
 *(.init6)
 *(.init7)
 *(.init7)
 *(.init8)
 *(.init8)
 *(.init9)
 .init9         0x00000086        0x8 c:/gharib/avr/winavr/bin/../lib/gcc/avr/4.3.3/../../../../avr/lib/avr5/crtm32.o
 *(.init9)
 *(.text)
 .text          0x0000008e        0x4 c:/gharib/avr/winavr/bin/../lib/gcc/avr/4.3.3/../../../../avr/lib/avr5/crtm32.o
                0x0000008e                __vector_12
                0x0000008e                __bad_interrupt
                0x0000008e                __vector_13
                0x0000008e                __vector_17
                0x0000008e                __vector_19
                0x0000008e                __vector_5
                0x0000008e                __vector_4
                0x0000008e                __vector_15
                0x0000008e                __vector_14
                0x0000008e                __vector_18
                0x0000008e                __vector_20
 .text          0x00000092        0x0 ./MCAL/UART/UART_PROGRAM.o
 .text          0x00000092        0x0 ./MCAL/TIMER/TIMER_PROGRAM.o
 .text          0x00000092        0x0 ./MCAL/SPI/SPI_PROGRAM.o
 .text          0x00000092        0x0 ./MCAL/EXT_INT/EXTI_PROGRAM.o
 .text          0x00000092        0x0 ./MCAL/DIO/DIO_PROGRAM.o
 .text          0x00000092        0x0 ./MCAL/ADC/ADC_PROGRAM.o
 .text          0x00000092        0x0 ./HAL/STEPPER_MOTOR/STEPPER_PROGRAM.o
 .text          0x00000092        0x0 ./HAL/SSD/SSD_PROGRAM.o
 .text          0x00000092        0x0 ./HAL/LM35_SENSOR/TEMP_PROGRAM.o
 .text          0x00000092        0x0 ./HAL/LED/LED_PROGRAM.o
 .text          0x00000092        0x0 ./HAL/LDR_SENSOR/LDR_PROGRAM.o
 .text          0x00000092        0x0 ./HAL/LCD/LCD_PROGRAM.o
 .text          0x00000092        0x0 ./HAL/KEYPAD/KEYPAD_PROGRAM.o
 .text          0x00000092        0x0 ./HAL/DIP_SWITCH/DIP_PROGRAM.o
 .text          0x00000092        0x0 ./HAL/DC_MOTOR/DCMOTOR_PROGRAM.o
 .text          0x00000092        0x0 ./APP/TIMER/APP_TIMER.o
 .text          0x00000092        0x0 ./APP/main.o
 .text          0x00000092        0x0 c:/gharib/avr/winavr/bin/../lib/gcc/avr/4.3.3/avr5\libgcc.a(_mulsi3.o)
 .text          0x00000092        0x0 c:/gharib/avr/winavr/bin/../lib/gcc/avr/4.3.3/avr5\libgcc.a(_udivmodsi4.o)
 .text          0x00000092        0x0 c:/gharib/avr/winavr/bin/../lib/gcc/avr/4.3.3/avr5\libgcc.a(_divmodsi4.o)
 .text          0x00000092        0x0 c:/gharib/avr/winavr/bin/../lib/gcc/avr/4.3.3/avr5\libgcc.a(_exit.o)
 .text          0x00000092        0x0 c:/gharib/avr/winavr/bin/../lib/gcc/avr/4.3.3/avr5\libgcc.a(_copy_data.o)
 .text          0x00000092        0x0 c:/gharib/avr/winavr/bin/../lib/gcc/avr/4.3.3/avr5\libgcc.a(_clear_bss.o)
 .text          0x00000092       0x58 c:/gharib/avr/winavr/bin/../lib/gcc/avr/4.3.3/avr5\libgcc.a(_fixunssfsi.o)
                0x00000092                __fixunssfsi
 .text          0x000000ea      0x354 c:/gharib/avr/winavr/bin/../lib/gcc/avr/4.3.3/avr5\libgcc.a(_addsub_sf.o)
                0x00000382                __subsf3
                0x000003e4                __addsf3
 .text          0x0000043e      0x1f4 c:/gharib/avr/winavr/bin/../lib/gcc/avr/4.3.3/avr5\libgcc.a(_mul_sf.o)
                0x0000043e                __mulsf3
 .text          0x00000632       0x60 c:/gharib/avr/winavr/bin/../lib/gcc/avr/4.3.3/avr5\libgcc.a(_gt_sf.o)
                0x00000632                __gtsf2
 .text          0x00000692       0x60 c:/gharib/avr/winavr/bin/../lib/gcc/avr/4.3.3/avr5\libgcc.a(_ge_sf.o)
                0x00000692                __gesf2
 .text          0x000006f2       0x60 c:/gharib/avr/winavr/bin/../lib/gcc/avr/4.3.3/avr5\libgcc.a(_lt_sf.o)
                0x000006f2                __ltsf2
 .text          0x00000752       0xa8 c:/gharib/avr/winavr/bin/../lib/gcc/avr/4.3.3/avr5\libgcc.a(_sf_to_si.o)
                0x00000752                __fixsfsi
 .text          0x000007fa        0x0 c:/gharib/avr/winavr/bin/../lib/gcc/avr/4.3.3/avr5\libgcc.a(_thenan_sf.o)
 .text          0x000007fa        0x0 c:/gharib/avr/winavr/bin/../lib/gcc/avr/4.3.3/avr5\libgcc.a(_prologue.o)
 .text          0x000007fa        0x0 c:/gharib/avr/winavr/bin/../lib/gcc/avr/4.3.3/avr5\libgcc.a(_epilogue.o)
 .text          0x000007fa      0x1aa c:/gharib/avr/winavr/bin/../lib/gcc/avr/4.3.3/avr5\libgcc.a(_pack_sf.o)
                0x000007fa                __pack_f
 .text          0x000009a4       0xf0 c:/gharib/avr/winavr/bin/../lib/gcc/avr/4.3.3/avr5\libgcc.a(_unpack_sf.o)
                0x000009a4                __unpack_f
 .text          0x00000a94       0xb2 c:/gharib/avr/winavr/bin/../lib/gcc/avr/4.3.3/avr5\libgcc.a(_fpcmp_parts_sf.o)
                0x00000a94                __fpcmp_parts_f
                0x00000b46                . = ALIGN (0x2)
 *(.text.*)
 .text.MUART_voidInit
                0x00000b46       0x8a ./MCAL/UART/UART_PROGRAM.o
                0x00000b46                MUART_voidInit
 .text.MUART_voidSendData
                0x00000bd0       0x36 ./MCAL/UART/UART_PROGRAM.o
                0x00000bd0                MUART_voidSendData
 .text.MUART_u8RcvData
                0x00000c06       0x1e ./MCAL/UART/UART_PROGRAM.o
                0x00000c06                MUART_u8RcvData
 .text.TIMER0_voidInit
                0x00000c24      0x144 ./MCAL/TIMER/TIMER_PROGRAM.o
                0x00000c24                TIMER0_voidInit
 .text.TIMER0_u8ReadTimerValue
                0x00000d68       0x14 ./MCAL/TIMER/TIMER_PROGRAM.o
                0x00000d68                TIMER0_u8ReadTimerValue
 .text.TIMER0_voiduSetTimerValue
                0x00000d7c       0x1c ./MCAL/TIMER/TIMER_PROGRAM.o
                0x00000d7c                TIMER0_voiduSetTimerValue
 .text.TIMER0_voidSetCompareMatchValue
                0x00000d98       0x1c ./MCAL/TIMER/TIMER_PROGRAM.o
                0x00000d98                TIMER0_voidSetCompareMatchValue
 .text.TIMER1_voidInit
                0x00000db4      0x268 ./MCAL/TIMER/TIMER_PROGRAM.o
                0x00000db4                TIMER1_voidInit
 .text.TIMER1_voidSetCompareMatchValue
                0x0000101c       0x5e ./MCAL/TIMER/TIMER_PROGRAM.o
                0x0000101c                TIMER1_voidSetCompareMatchValue
 .text.TIMER1_voiduSetTimerValue
                0x0000107a       0x20 ./MCAL/TIMER/TIMER_PROGRAM.o
                0x0000107a                TIMER1_voiduSetTimerValue
 .text.TIMER1_voidu16ReadTimerValue
                0x0000109a       0x18 ./MCAL/TIMER/TIMER_PROGRAM.o
                0x0000109a                TIMER1_voidu16ReadTimerValue
 .text.TIMER1_voidSetMode_14
                0x000010b2       0xe8 ./MCAL/TIMER/TIMER_PROGRAM.o
                0x000010b2                TIMER1_voidSetMode_14
 .text.TIMER1_voidSetTopValueMode_14
                0x0000119a       0x24 ./MCAL/TIMER/TIMER_PROGRAM.o
                0x0000119a                TIMER1_voidSetTopValueMode_14
 .text.ICU_voidInit
                0x000011be       0x4c ./MCAL/TIMER/TIMER_PROGRAM.o
                0x000011be                ICU_voidInit
 .text.ICU_SetTriggerEdge
                0x0000120a       0x58 ./MCAL/TIMER/TIMER_PROGRAM.o
                0x0000120a                ICU_SetTriggerEdge
 .text.ICU_u16ReadICU
                0x00001262       0x16 ./MCAL/TIMER/TIMER_PROGRAM.o
                0x00001262                ICU_u16ReadICU
 .text.TIMER_voidSetCallBack
                0x00001278       0x36 ./MCAL/TIMER/TIMER_PROGRAM.o
                0x00001278                TIMER_voidSetCallBack
 .text.__vector_6
                0x000012ae       0x5a ./MCAL/TIMER/TIMER_PROGRAM.o
                0x000012ae                __vector_6
 .text.__vector_7
                0x00001308       0x5a ./MCAL/TIMER/TIMER_PROGRAM.o
                0x00001308                __vector_7
 .text.__vector_8
                0x00001362       0x5a ./MCAL/TIMER/TIMER_PROGRAM.o
                0x00001362                __vector_8
 .text.__vector_9
                0x000013bc       0x5a ./MCAL/TIMER/TIMER_PROGRAM.o
                0x000013bc                __vector_9
 .text.__vector_10
                0x00001416       0x5a ./MCAL/TIMER/TIMER_PROGRAM.o
                0x00001416                __vector_10
 .text.__vector_11
                0x00001470       0x5a ./MCAL/TIMER/TIMER_PROGRAM.o
                0x00001470                __vector_11
 .text.MSPI_voidInit
                0x000014ca       0xa8 ./MCAL/SPI/SPI_PROGRAM.o
                0x000014ca                MSPI_voidInit
 .text.MSPI_voidSendData
                0x00001572       0x42 ./MCAL/SPI/SPI_PROGRAM.o
                0x00001572                MSPI_voidSendData
 .text.MSPI_u8ReciveData
                0x000015b4       0x1e ./MCAL/SPI/SPI_PROGRAM.o
                0x000015b4                MSPI_u8ReciveData
 .text.MSPI_u8SendReciveData
                0x000015d2       0x2c ./MCAL/SPI/SPI_PROGRAM.o
                0x000015d2                MSPI_u8SendReciveData
 .text.MEXTI_voidEXTIEnable
                0x000015fe      0x236 ./MCAL/EXT_INT/EXTI_PROGRAM.o
                0x000015fe                MEXTI_voidEXTIEnable
 .text.MEXTI_voidEXTIDisable
                0x00001834       0x7c ./MCAL/EXT_INT/EXTI_PROGRAM.o
                0x00001834                MEXTI_voidEXTIDisable
 .text.EXT_INT_0_SET_CALL_BACK
                0x000018b0       0x24 ./MCAL/EXT_INT/EXTI_PROGRAM.o
                0x000018b0                EXT_INT_0_SET_CALL_BACK
 .text.__vector_1
                0x000018d4       0x5a ./MCAL/EXT_INT/EXTI_PROGRAM.o
                0x000018d4                __vector_1
 .text.EXT_INT_1_SET_CALL_BACK
                0x0000192e       0x24 ./MCAL/EXT_INT/EXTI_PROGRAM.o
                0x0000192e                EXT_INT_1_SET_CALL_BACK
 .text.__vector_2
                0x00001952       0x5a ./MCAL/EXT_INT/EXTI_PROGRAM.o
                0x00001952                __vector_2
 .text.EXT_INT_2_SET_CALL_BACK
                0x000019ac       0x24 ./MCAL/EXT_INT/EXTI_PROGRAM.o
                0x000019ac                EXT_INT_2_SET_CALL_BACK
 .text.__vector_3
                0x000019d0       0x5a ./MCAL/EXT_INT/EXTI_PROGRAM.o
                0x000019d0                __vector_3
 .text.MDIO_voidSetPinDirection
                0x00001a2a      0x1e4 ./MCAL/DIO/DIO_PROGRAM.o
                0x00001a2a                MDIO_voidSetPinDirection
 .text.MDIO_voidSetPinValue
                0x00001c0e      0x1e4 ./MCAL/DIO/DIO_PROGRAM.o
                0x00001c0e                MDIO_voidSetPinValue
 .text.MDIO_voidSetPortDirection
                0x00001df2       0x82 ./MCAL/DIO/DIO_PROGRAM.o
                0x00001df2                MDIO_voidSetPortDirection
 .text.MDIO_voidSetPortValue
                0x00001e74       0x82 ./MCAL/DIO/DIO_PROGRAM.o
                0x00001e74                MDIO_voidSetPortValue
 .text.MDIO_u8GetPinValue
                0x00001ef6       0xf2 ./MCAL/DIO/DIO_PROGRAM.o
                0x00001ef6                MDIO_u8GetPinValue
 .text.MADC_voidInit
                0x00001fe8       0x7e ./MCAL/ADC/ADC_PROGRAM.o
                0x00001fe8                MADC_voidInit
 .text.MADC_u16GetDigitalValue
                0x00002066       0x2c ./MCAL/ADC/ADC_PROGRAM.o
                0x00002066                MADC_u16GetDigitalValue
 .text.MADC_voidAdcStartConversion
                0x00002092      0x290 ./MCAL/ADC/ADC_PROGRAM.o
                0x00002092                MADC_voidAdcStartConversion
 .text.MADC_voidAdcIntEnable
                0x00002322       0x2a ./MCAL/ADC/ADC_PROGRAM.o
                0x00002322                MADC_voidAdcIntEnable
 .text.MADC_voidAdcIntDisable
                0x0000234c       0x2a ./MCAL/ADC/ADC_PROGRAM.o
                0x0000234c                MADC_voidAdcIntDisable
 .text.MADC_Adc_SET_CALL_BACK
                0x00002376       0x24 ./MCAL/ADC/ADC_PROGRAM.o
                0x00002376                MADC_Adc_SET_CALL_BACK
 .text.__vector_16
                0x0000239a       0x5a ./MCAL/ADC/ADC_PROGRAM.o
                0x0000239a                __vector_16
 .text.HSTEPPER_voidRotate
                0x000023f4      0xdc4 ./HAL/STEPPER_MOTOR/STEPPER_PROGRAM.o
                0x000023f4                HSTEPPER_voidRotate
 .text.HSSD_voidDisplayNumber
                0x000031b8      0x120 ./HAL/SSD/SSD_PROGRAM.o
                0x000031b8                HSSD_voidDisplayNumber
 .text.HTEMP_voidInit
                0x000032d8       0x12 ./HAL/LM35_SENSOR/TEMP_PROGRAM.o
                0x000032d8                HTEMP_voidInit
 .text.HTEMP_u8GetAnalogTempreatureDegree
                0x000032ea       0x60 ./HAL/LM35_SENSOR/TEMP_PROGRAM.o
                0x000032ea                HTEMP_u8GetAnalogTempreatureDegree
 .text.HLED_voidTurnOn
                0x0000334a       0x2c ./HAL/LED/LED_PROGRAM.o
                0x0000334a                HLED_voidTurnOn
 .text.HLED_voidTurnOff
                0x00003376       0x2c ./HAL/LED/LED_PROGRAM.o
                0x00003376                HLED_voidTurnOff
 .text.HLDR_voidInit
                0x000033a2       0x12 ./HAL/LDR_SENSOR/LDR_PROGRAM.o
                0x000033a2                HLDR_voidInit
 .text.HTEMP_u16GetAnalogLDRValue
                0x000033b4       0x68 ./HAL/LDR_SENSOR/LDR_PROGRAM.o
                0x000033b4                HTEMP_u16GetAnalogLDRValue
 .text.HLCD_voidInit
                0x0000341c      0x170 ./HAL/LCD/LCD_PROGRAM.o
                0x0000341c                HLCD_voidInit
 .text.HLCD_voidSendCommand
                0x0000358c      0x3a8 ./HAL/LCD/LCD_PROGRAM.o
                0x0000358c                HLCD_voidSendCommand
 .text.HLCD_voidSendData
                0x00003934      0x3a8 ./HAL/LCD/LCD_PROGRAM.o
                0x00003934                HLCD_voidSendData
 .text.HLCD_voidClearDisplay
                0x00003cdc       0x14 ./HAL/LCD/LCD_PROGRAM.o
                0x00003cdc                HLCD_voidClearDisplay
 .text.HLCD_voidSendString
                0x00003cf0       0x38 ./HAL/LCD/LCD_PROGRAM.o
                0x00003cf0                HLCD_voidSendString
 .text.HLCD_voidGoToPosition
                0x00003d28       0x4e ./HAL/LCD/LCD_PROGRAM.o
                0x00003d28                HLCD_voidGoToPosition
 .text.HLCD_voidDisplayNumber
                0x00003d76      0x110 ./HAL/LCD/LCD_PROGRAM.o
                0x00003d76                HLCD_voidDisplayNumber
 .text.HLCD_voidDisplaySpecialChar
                0x00003e86       0x90 ./HAL/LCD/LCD_PROGRAM.o
                0x00003e86                HLCD_voidDisplaySpecialChar
 .text.HKEYPAD_voidInit
                0x00003f16       0x86 ./HAL/KEYPAD/KEYPAD_PROGRAM.o
                0x00003f16                HKEYPAD_voidInit
 .text.HKEYPAD_u8GetPressedKey
                0x00003f9c      0x1b0 ./HAL/KEYPAD/KEYPAD_PROGRAM.o
                0x00003f9c                HKEYPAD_u8GetPressedKey
 .text.HDIP_u8GetPressedKey
                0x0000414c       0x28 ./HAL/DIP_SWITCH/DIP_PROGRAM.o
                0x0000414c                HDIP_u8GetPressedKey
 .text.HDIP_u8GetPressedKeys
                0x00004174       0x1c ./HAL/DIP_SWITCH/DIP_PROGRAM.o
                0x00004174                HDIP_u8GetPressedKeys
 .text.HDCMOTOR_voidRotateMotor
                0x00004190       0x90 ./HAL/DC_MOTOR/DCMOTOR_PROGRAM.o
                0x00004190                HDCMOTOR_voidRotateMotor
 .text.main     0x00004220        0xa ./APP/main.o
                0x00004220                main
 .text.libgcc   0x0000422a       0x3e c:/gharib/avr/winavr/bin/../lib/gcc/avr/4.3.3/avr5\libgcc.a(_mulsi3.o)
                0x0000422a                __mulsi3
 .text.libgcc   0x00004268       0x44 c:/gharib/avr/winavr/bin/../lib/gcc/avr/4.3.3/avr5\libgcc.a(_udivmodsi4.o)
                0x00004268                __udivmodsi4
 .text.libgcc   0x000042ac       0x36 c:/gharib/avr/winavr/bin/../lib/gcc/avr/4.3.3/avr5\libgcc.a(_divmodsi4.o)
                0x000042ac                __divmodsi4
 .text.libgcc   0x000042e2        0x0 c:/gharib/avr/winavr/bin/../lib/gcc/avr/4.3.3/avr5\libgcc.a(_exit.o)
 .text.libgcc   0x000042e2        0x0 c:/gharib/avr/winavr/bin/../lib/gcc/avr/4.3.3/avr5\libgcc.a(_copy_data.o)
 .text.libgcc   0x000042e2        0x0 c:/gharib/avr/winavr/bin/../lib/gcc/avr/4.3.3/avr5\libgcc.a(_clear_bss.o)
 .text.libgcc   0x000042e2       0x38 c:/gharib/avr/winavr/bin/../lib/gcc/avr/4.3.3/avr5\libgcc.a(_prologue.o)
                0x000042e2                __prologue_saves__
 .text.libgcc   0x0000431a       0x36 c:/gharib/avr/winavr/bin/../lib/gcc/avr/4.3.3/avr5\libgcc.a(_epilogue.o)
                0x0000431a                __epilogue_restores__
                0x00004350                . = ALIGN (0x2)
 *(.fini9)
 .fini9         0x00004350        0x0 c:/gharib/avr/winavr/bin/../lib/gcc/avr/4.3.3/avr5\libgcc.a(_exit.o)
                0x00004350                exit
                0x00004350                _exit
 *(.fini9)
 *(.fini8)
 *(.fini8)
 *(.fini7)
 *(.fini7)
 *(.fini6)
 *(.fini6)
 *(.fini5)
 *(.fini5)
 *(.fini4)
 *(.fini4)
 *(.fini3)
 *(.fini3)
 *(.fini2)
 *(.fini2)
 *(.fini1)
 *(.fini1)
 *(.fini0)
 .fini0         0x00004350        0x4 c:/gharib/avr/winavr/bin/../lib/gcc/avr/4.3.3/avr5\libgcc.a(_exit.o)
 *(.fini0)
                0x00004354                _etext = .

.data           0x00800060       0x18 load address 0x00004354
                0x00800060                PROVIDE (__data_start, .)
 *(.data)
 .data          0x00800060        0x0 c:/gharib/avr/winavr/bin/../lib/gcc/avr/4.3.3/../../../../avr/lib/avr5/crtm32.o
 .data          0x00800060        0x0 ./MCAL/UART/UART_PROGRAM.o
 .data          0x00800060        0x0 ./MCAL/TIMER/TIMER_PROGRAM.o
 .data          0x00800060        0x0 ./MCAL/SPI/SPI_PROGRAM.o
 .data          0x00800060        0x0 ./MCAL/EXT_INT/EXTI_PROGRAM.o
 .data          0x00800060        0x0 ./MCAL/DIO/DIO_PROGRAM.o
 .data          0x00800060        0x0 ./MCAL/ADC/ADC_PROGRAM.o
 .data          0x00800060        0x0 ./HAL/STEPPER_MOTOR/STEPPER_PROGRAM.o
 .data          0x00800060        0x0 ./HAL/SSD/SSD_PROGRAM.o
 .data          0x00800060        0x0 ./HAL/LM35_SENSOR/TEMP_PROGRAM.o
 .data          0x00800060        0x0 ./HAL/LED/LED_PROGRAM.o
 .data          0x00800060        0x0 ./HAL/LDR_SENSOR/LDR_PROGRAM.o
 .data          0x00800060        0x0 ./HAL/LCD/LCD_PROGRAM.o
 .data          0x00800060        0x0 ./HAL/KEYPAD/KEYPAD_PROGRAM.o
 .data          0x00800060        0x0 ./HAL/DIP_SWITCH/DIP_PROGRAM.o
 .data          0x00800060        0x0 ./HAL/DC_MOTOR/DCMOTOR_PROGRAM.o
 .data          0x00800060        0x0 ./APP/TIMER/APP_TIMER.o
 .data          0x00800060        0x0 ./APP/main.o
 .data          0x00800060        0x0 c:/gharib/avr/winavr/bin/../lib/gcc/avr/4.3.3/avr5\libgcc.a(_mulsi3.o)
 .data          0x00800060        0x0 c:/gharib/avr/winavr/bin/../lib/gcc/avr/4.3.3/avr5\libgcc.a(_udivmodsi4.o)
 .data          0x00800060        0x0 c:/gharib/avr/winavr/bin/../lib/gcc/avr/4.3.3/avr5\libgcc.a(_divmodsi4.o)
 .data          0x00800060        0x0 c:/gharib/avr/winavr/bin/../lib/gcc/avr/4.3.3/avr5\libgcc.a(_exit.o)
 .data          0x00800060        0x0 c:/gharib/avr/winavr/bin/../lib/gcc/avr/4.3.3/avr5\libgcc.a(_copy_data.o)
 .data          0x00800060        0x0 c:/gharib/avr/winavr/bin/../lib/gcc/avr/4.3.3/avr5\libgcc.a(_clear_bss.o)
 .data          0x00800060        0x0 c:/gharib/avr/winavr/bin/../lib/gcc/avr/4.3.3/avr5\libgcc.a(_fixunssfsi.o)
 .data          0x00800060        0x0 c:/gharib/avr/winavr/bin/../lib/gcc/avr/4.3.3/avr5\libgcc.a(_addsub_sf.o)
 .data          0x00800060        0x0 c:/gharib/avr/winavr/bin/../lib/gcc/avr/4.3.3/avr5\libgcc.a(_mul_sf.o)
 .data          0x00800060        0x0 c:/gharib/avr/winavr/bin/../lib/gcc/avr/4.3.3/avr5\libgcc.a(_gt_sf.o)
 .data          0x00800060        0x0 c:/gharib/avr/winavr/bin/../lib/gcc/avr/4.3.3/avr5\libgcc.a(_ge_sf.o)
 .data          0x00800060        0x0 c:/gharib/avr/winavr/bin/../lib/gcc/avr/4.3.3/avr5\libgcc.a(_lt_sf.o)
 .data          0x00800060        0x0 c:/gharib/avr/winavr/bin/../lib/gcc/avr/4.3.3/avr5\libgcc.a(_sf_to_si.o)
 .data          0x00800060        0x8 c:/gharib/avr/winavr/bin/../lib/gcc/avr/4.3.3/avr5\libgcc.a(_thenan_sf.o)
                0x00800060                __thenan_sf
 .data          0x00800068        0x0 c:/gharib/avr/winavr/bin/../lib/gcc/avr/4.3.3/avr5\libgcc.a(_prologue.o)
 .data          0x00800068        0x0 c:/gharib/avr/winavr/bin/../lib/gcc/avr/4.3.3/avr5\libgcc.a(_epilogue.o)
 .data          0x00800068        0x0 c:/gharib/avr/winavr/bin/../lib/gcc/avr/4.3.3/avr5\libgcc.a(_pack_sf.o)
 .data          0x00800068        0x0 c:/gharib/avr/winavr/bin/../lib/gcc/avr/4.3.3/avr5\libgcc.a(_unpack_sf.o)
 .data          0x00800068        0x0 c:/gharib/avr/winavr/bin/../lib/gcc/avr/4.3.3/avr5\libgcc.a(_fpcmp_parts_sf.o)
 *(.data*)
 .data.arr      0x00800068       0x10 ./HAL/KEYPAD/KEYPAD_PROGRAM.o
                0x00800068                arr
 *(.rodata)
 *(.rodata*)
 *(.gnu.linkonce.d*)
                0x00800078                . = ALIGN (0x2)
                0x00800078                _edata = .
                0x00800078                PROVIDE (__data_end, .)

.bss            0x00800078       0x14
                0x00800078                PROVIDE (__bss_start, .)
 *(.bss)
 .bss           0x00800078        0x0 c:/gharib/avr/winavr/bin/../lib/gcc/avr/4.3.3/../../../../avr/lib/avr5/crtm32.o
 .bss           0x00800078        0x0 ./MCAL/UART/UART_PROGRAM.o
 .bss           0x00800078        0x0 ./MCAL/TIMER/TIMER_PROGRAM.o
 .bss           0x00800078        0x0 ./MCAL/SPI/SPI_PROGRAM.o
 .bss           0x00800078        0x0 ./MCAL/EXT_INT/EXTI_PROGRAM.o
 .bss           0x00800078        0x0 ./MCAL/DIO/DIO_PROGRAM.o
 .bss           0x00800078        0x0 ./MCAL/ADC/ADC_PROGRAM.o
 .bss           0x00800078        0x0 ./HAL/STEPPER_MOTOR/STEPPER_PROGRAM.o
 .bss           0x00800078        0x0 ./HAL/SSD/SSD_PROGRAM.o
 .bss           0x00800078        0x0 ./HAL/LM35_SENSOR/TEMP_PROGRAM.o
 .bss           0x00800078        0x0 ./HAL/LED/LED_PROGRAM.o
 .bss           0x00800078        0x0 ./HAL/LDR_SENSOR/LDR_PROGRAM.o
 .bss           0x00800078        0x0 ./HAL/LCD/LCD_PROGRAM.o
 .bss           0x00800078        0x0 ./HAL/KEYPAD/KEYPAD_PROGRAM.o
 .bss           0x00800078        0x0 ./HAL/DIP_SWITCH/DIP_PROGRAM.o
 .bss           0x00800078        0x0 ./HAL/DC_MOTOR/DCMOTOR_PROGRAM.o
 .bss           0x00800078        0x0 ./APP/TIMER/APP_TIMER.o
 .bss           0x00800078        0x0 ./APP/main.o
 .bss           0x00800078        0x0 c:/gharib/avr/winavr/bin/../lib/gcc/avr/4.3.3/avr5\libgcc.a(_mulsi3.o)
 .bss           0x00800078        0x0 c:/gharib/avr/winavr/bin/../lib/gcc/avr/4.3.3/avr5\libgcc.a(_udivmodsi4.o)
 .bss           0x00800078        0x0 c:/gharib/avr/winavr/bin/../lib/gcc/avr/4.3.3/avr5\libgcc.a(_divmodsi4.o)
 .bss           0x00800078        0x0 c:/gharib/avr/winavr/bin/../lib/gcc/avr/4.3.3/avr5\libgcc.a(_exit.o)
 .bss           0x00800078        0x0 c:/gharib/avr/winavr/bin/../lib/gcc/avr/4.3.3/avr5\libgcc.a(_copy_data.o)
 .bss           0x00800078        0x0 c:/gharib/avr/winavr/bin/../lib/gcc/avr/4.3.3/avr5\libgcc.a(_clear_bss.o)
 .bss           0x00800078        0x0 c:/gharib/avr/winavr/bin/../lib/gcc/avr/4.3.3/avr5\libgcc.a(_fixunssfsi.o)
 .bss           0x00800078        0x0 c:/gharib/avr/winavr/bin/../lib/gcc/avr/4.3.3/avr5\libgcc.a(_addsub_sf.o)
 .bss           0x00800078        0x0 c:/gharib/avr/winavr/bin/../lib/gcc/avr/4.3.3/avr5\libgcc.a(_mul_sf.o)
 .bss           0x00800078        0x0 c:/gharib/avr/winavr/bin/../lib/gcc/avr/4.3.3/avr5\libgcc.a(_gt_sf.o)
 .bss           0x00800078        0x0 c:/gharib/avr/winavr/bin/../lib/gcc/avr/4.3.3/avr5\libgcc.a(_ge_sf.o)
 .bss           0x00800078        0x0 c:/gharib/avr/winavr/bin/../lib/gcc/avr/4.3.3/avr5\libgcc.a(_lt_sf.o)
 .bss           0x00800078        0x0 c:/gharib/avr/winavr/bin/../lib/gcc/avr/4.3.3/avr5\libgcc.a(_sf_to_si.o)
 .bss           0x00800078        0x0 c:/gharib/avr/winavr/bin/../lib/gcc/avr/4.3.3/avr5\libgcc.a(_thenan_sf.o)
 .bss           0x00800078        0x0 c:/gharib/avr/winavr/bin/../lib/gcc/avr/4.3.3/avr5\libgcc.a(_prologue.o)
 .bss           0x00800078        0x0 c:/gharib/avr/winavr/bin/../lib/gcc/avr/4.3.3/avr5\libgcc.a(_epilogue.o)
 .bss           0x00800078        0x0 c:/gharib/avr/winavr/bin/../lib/gcc/avr/4.3.3/avr5\libgcc.a(_pack_sf.o)
 .bss           0x00800078        0x0 c:/gharib/avr/winavr/bin/../lib/gcc/avr/4.3.3/avr5\libgcc.a(_unpack_sf.o)
 .bss           0x00800078        0x0 c:/gharib/avr/winavr/bin/../lib/gcc/avr/4.3.3/avr5\libgcc.a(_fpcmp_parts_sf.o)
 *(.bss*)
 *(COMMON)
 COMMON         0x00800078        0xc ./MCAL/TIMER/TIMER_PROGRAM.o
                0x00800078                TIMER_pvCallBackFunc
 COMMON         0x00800084        0x6 ./MCAL/EXT_INT/EXTI_PROGRAM.o
                0x00800084                EXT_INT_2_CALL_BACK
                0x00800086                EXT_INT_0_CALL_BACK
                0x00800088                EXT_INT_1_CALL_BACK
 COMMON         0x0080008a        0x2 ./MCAL/ADC/ADC_PROGRAM.o
                0x0080008a                Adc_Int_CALL_BACK
                0x0080008c                PROVIDE (__bss_end, .)
                0x00004354                __data_load_start = LOADADDR (.data)
                0x0000436c                __data_load_end = (__data_load_start + SIZEOF (.data))

.noinit         0x0080008c        0x0
                0x0080008c                PROVIDE (__noinit_start, .)
 *(.noinit*)
                0x0080008c                PROVIDE (__noinit_end, .)
                0x0080008c                _end = .
                0x0080008c                PROVIDE (__heap_start, .)

.eeprom         0x00810000        0x0
 *(.eeprom*)
                0x00810000                __eeprom_end = .

.fuse
 *(.fuse)
 *(.lfuse)
 *(.hfuse)
 *(.efuse)

.lock
 *(.lock*)

.signature
 *(.signature*)

.stab           0x00000000     0x4b00
 *(.stab)
 .stab          0x00000000      0x2e8 ./MCAL/UART/UART_PROGRAM.o
 .stab          0x000002e8      0x90c ./MCAL/TIMER/TIMER_PROGRAM.o
                                0x918 (size before relaxing)
 .stab          0x00000bf4      0x4d4 ./MCAL/SPI/SPI_PROGRAM.o
                                0x4e0 (size before relaxing)
 .stab          0x000010c8      0x4bc ./MCAL/EXT_INT/EXTI_PROGRAM.o
                                0x4c8 (size before relaxing)
 .stab          0x00001584      0x534 ./MCAL/DIO/DIO_PROGRAM.o
                                0x540 (size before relaxing)
 .stab          0x00001ab8      0x5c4 ./MCAL/ADC/ADC_PROGRAM.o
                                0x75c (size before relaxing)
 .stab          0x0000207c      0xa38 ./HAL/STEPPER_MOTOR/STEPPER_PROGRAM.o
                                0xbd0 (size before relaxing)
 .stab          0x00002ab4      0x240 ./HAL/SSD/SSD_PROGRAM.o
                                0x24c (size before relaxing)
 .stab          0x00002cf4      0x258 ./HAL/LM35_SENSOR/TEMP_PROGRAM.o
                                0x3f0 (size before relaxing)
 .stab          0x00002f4c      0x21c ./HAL/LED/LED_PROGRAM.o
                                0x228 (size before relaxing)
 .stab          0x00003168      0x258 ./HAL/LDR_SENSOR/LDR_PROGRAM.o
                                0x3f0 (size before relaxing)
 .stab          0x000033c0      0xbf4 ./HAL/LCD/LCD_PROGRAM.o
                                0xd8c (size before relaxing)
 .stab          0x00003fb4      0x444 ./HAL/KEYPAD/KEYPAD_PROGRAM.o
                                0x5dc (size before relaxing)
 .stab          0x000043f8      0x228 ./HAL/DIP_SWITCH/DIP_PROGRAM.o
                                0x234 (size before relaxing)
 .stab          0x00004620      0x24c ./HAL/DC_MOTOR/DCMOTOR_PROGRAM.o
                                0x3e4 (size before relaxing)
 .stab          0x0000486c      0x1a4 ./APP/TIMER/APP_TIMER.o
                                0x348 (size before relaxing)
 .stab          0x00004a10       0xf0 ./APP/main.o
                                 0xfc (size before relaxing)

.stabstr        0x00000000     0x1962
 *(.stabstr)
 .stabstr       0x00000000     0x1962 ./MCAL/UART/UART_PROGRAM.o

.stab.excl
 *(.stab.excl)

.stab.exclstr
 *(.stab.exclstr)

.stab.index
 *(.stab.index)

.stab.indexstr
 *(.stab.indexstr)

.comment
 *(.comment)

.debug
 *(.debug)

.line
 *(.line)

.debug_srcinfo
 *(.debug_srcinfo)

.debug_sfnames
 *(.debug_sfnames)

.debug_aranges  0x00000000      0x140
 *(.debug_aranges)
 .debug_aranges
                0x00000000       0x20 c:/gharib/avr/winavr/bin/../lib/gcc/avr/4.3.3/avr5\libgcc.a(_fixunssfsi.o)
 .debug_aranges
                0x00000020       0x20 c:/gharib/avr/winavr/bin/../lib/gcc/avr/4.3.3/avr5\libgcc.a(_addsub_sf.o)
 .debug_aranges
                0x00000040       0x20 c:/gharib/avr/winavr/bin/../lib/gcc/avr/4.3.3/avr5\libgcc.a(_mul_sf.o)
 .debug_aranges
                0x00000060       0x20 c:/gharib/avr/winavr/bin/../lib/gcc/avr/4.3.3/avr5\libgcc.a(_gt_sf.o)
 .debug_aranges
                0x00000080       0x20 c:/gharib/avr/winavr/bin/../lib/gcc/avr/4.3.3/avr5\libgcc.a(_ge_sf.o)
 .debug_aranges
                0x000000a0       0x20 c:/gharib/avr/winavr/bin/../lib/gcc/avr/4.3.3/avr5\libgcc.a(_lt_sf.o)
 .debug_aranges
                0x000000c0       0x20 c:/gharib/avr/winavr/bin/../lib/gcc/avr/4.3.3/avr5\libgcc.a(_sf_to_si.o)
 .debug_aranges
                0x000000e0       0x20 c:/gharib/avr/winavr/bin/../lib/gcc/avr/4.3.3/avr5\libgcc.a(_pack_sf.o)
 .debug_aranges
                0x00000100       0x20 c:/gharib/avr/winavr/bin/../lib/gcc/avr/4.3.3/avr5\libgcc.a(_unpack_sf.o)
 .debug_aranges
                0x00000120       0x20 c:/gharib/avr/winavr/bin/../lib/gcc/avr/4.3.3/avr5\libgcc.a(_fpcmp_parts_sf.o)

.debug_pubnames
                0x00000000      0x170
 *(.debug_pubnames)
 .debug_pubnames
                0x00000000       0x23 c:/gharib/avr/winavr/bin/../lib/gcc/avr/4.3.3/avr5\libgcc.a(_fixunssfsi.o)
 .debug_pubnames
                0x00000023       0x2c c:/gharib/avr/winavr/bin/../lib/gcc/avr/4.3.3/avr5\libgcc.a(_addsub_sf.o)
 .debug_pubnames
                0x0000004f       0x1f c:/gharib/avr/winavr/bin/../lib/gcc/avr/4.3.3/avr5\libgcc.a(_mul_sf.o)
 .debug_pubnames
                0x0000006e       0x1e c:/gharib/avr/winavr/bin/../lib/gcc/avr/4.3.3/avr5\libgcc.a(_gt_sf.o)
 .debug_pubnames
                0x0000008c       0x1e c:/gharib/avr/winavr/bin/../lib/gcc/avr/4.3.3/avr5\libgcc.a(_ge_sf.o)
 .debug_pubnames
                0x000000aa       0x1e c:/gharib/avr/winavr/bin/../lib/gcc/avr/4.3.3/avr5\libgcc.a(_lt_sf.o)
 .debug_pubnames
                0x000000c8       0x20 c:/gharib/avr/winavr/bin/../lib/gcc/avr/4.3.3/avr5\libgcc.a(_sf_to_si.o)
 .debug_pubnames
                0x000000e8       0x22 c:/gharib/avr/winavr/bin/../lib/gcc/avr/4.3.3/avr5\libgcc.a(_thenan_sf.o)
 .debug_pubnames
                0x0000010a       0x1f c:/gharib/avr/winavr/bin/../lib/gcc/avr/4.3.3/avr5\libgcc.a(_pack_sf.o)
 .debug_pubnames
                0x00000129       0x21 c:/gharib/avr/winavr/bin/../lib/gcc/avr/4.3.3/avr5\libgcc.a(_unpack_sf.o)
 .debug_pubnames
                0x0000014a       0x26 c:/gharib/avr/winavr/bin/../lib/gcc/avr/4.3.3/avr5\libgcc.a(_fpcmp_parts_sf.o)

.debug_info     0x00000000     0x1c49
 *(.debug_info)
 .debug_info    0x00000000       0xb1 c:/gharib/avr/winavr/bin/../lib/gcc/avr/4.3.3/avr5\libgcc.a(_fixunssfsi.o)
 .debug_info    0x000000b1      0x47a c:/gharib/avr/winavr/bin/../lib/gcc/avr/4.3.3/avr5\libgcc.a(_addsub_sf.o)
 .debug_info    0x0000052b      0x485 c:/gharib/avr/winavr/bin/../lib/gcc/avr/4.3.3/avr5\libgcc.a(_mul_sf.o)
 .debug_info    0x000009b0      0x27f c:/gharib/avr/winavr/bin/../lib/gcc/avr/4.3.3/avr5\libgcc.a(_gt_sf.o)
 .debug_info    0x00000c2f      0x27f c:/gharib/avr/winavr/bin/../lib/gcc/avr/4.3.3/avr5\libgcc.a(_ge_sf.o)
 .debug_info    0x00000eae      0x27f c:/gharib/avr/winavr/bin/../lib/gcc/avr/4.3.3/avr5\libgcc.a(_lt_sf.o)
 .debug_info    0x0000112d      0x2b0 c:/gharib/avr/winavr/bin/../lib/gcc/avr/4.3.3/avr5\libgcc.a(_sf_to_si.o)
 .debug_info    0x000013dd      0x12c c:/gharib/avr/winavr/bin/../lib/gcc/avr/4.3.3/avr5\libgcc.a(_thenan_sf.o)
 .debug_info    0x00001509      0x2df c:/gharib/avr/winavr/bin/../lib/gcc/avr/4.3.3/avr5\libgcc.a(_pack_sf.o)
 .debug_info    0x000017e8      0x251 c:/gharib/avr/winavr/bin/../lib/gcc/avr/4.3.3/avr5\libgcc.a(_unpack_sf.o)
 .debug_info    0x00001a39      0x210 c:/gharib/avr/winavr/bin/../lib/gcc/avr/4.3.3/avr5\libgcc.a(_fpcmp_parts_sf.o)
 *(.gnu.linkonce.wi.*)

.debug_abbrev   0x00000000      0xeeb
 *(.debug_abbrev)
 .debug_abbrev  0x00000000       0x5d c:/gharib/avr/winavr/bin/../lib/gcc/avr/4.3.3/avr5\libgcc.a(_fixunssfsi.o)
 .debug_abbrev  0x0000005d      0x1ea c:/gharib/avr/winavr/bin/../lib/gcc/avr/4.3.3/avr5\libgcc.a(_addsub_sf.o)
 .debug_abbrev  0x00000247      0x21b c:/gharib/avr/winavr/bin/../lib/gcc/avr/4.3.3/avr5\libgcc.a(_mul_sf.o)
 .debug_abbrev  0x00000462      0x15a c:/gharib/avr/winavr/bin/../lib/gcc/avr/4.3.3/avr5\libgcc.a(_gt_sf.o)
 .debug_abbrev  0x000005bc      0x15a c:/gharib/avr/winavr/bin/../lib/gcc/avr/4.3.3/avr5\libgcc.a(_ge_sf.o)
 .debug_abbrev  0x00000716      0x15a c:/gharib/avr/winavr/bin/../lib/gcc/avr/4.3.3/avr5\libgcc.a(_lt_sf.o)
 .debug_abbrev  0x00000870      0x17f c:/gharib/avr/winavr/bin/../lib/gcc/avr/4.3.3/avr5\libgcc.a(_sf_to_si.o)
 .debug_abbrev  0x000009ef       0xad c:/gharib/avr/winavr/bin/../lib/gcc/avr/4.3.3/avr5\libgcc.a(_thenan_sf.o)
 .debug_abbrev  0x00000a9c      0x1c0 c:/gharib/avr/winavr/bin/../lib/gcc/avr/4.3.3/avr5\libgcc.a(_pack_sf.o)
 .debug_abbrev  0x00000c5c      0x154 c:/gharib/avr/winavr/bin/../lib/gcc/avr/4.3.3/avr5\libgcc.a(_unpack_sf.o)
 .debug_abbrev  0x00000db0      0x13b c:/gharib/avr/winavr/bin/../lib/gcc/avr/4.3.3/avr5\libgcc.a(_fpcmp_parts_sf.o)

.debug_line     0x00000000      0xdad
 *(.debug_line)
 .debug_line    0x00000000       0xa7 c:/gharib/avr/winavr/bin/../lib/gcc/avr/4.3.3/avr5\libgcc.a(_fixunssfsi.o)
 .debug_line    0x000000a7      0x2af c:/gharib/avr/winavr/bin/../lib/gcc/avr/4.3.3/avr5\libgcc.a(_addsub_sf.o)
 .debug_line    0x00000356      0x239 c:/gharib/avr/winavr/bin/../lib/gcc/avr/4.3.3/avr5\libgcc.a(_mul_sf.o)
 .debug_line    0x0000058f       0xd3 c:/gharib/avr/winavr/bin/../lib/gcc/avr/4.3.3/avr5\libgcc.a(_gt_sf.o)
 .debug_line    0x00000662       0xd3 c:/gharib/avr/winavr/bin/../lib/gcc/avr/4.3.3/avr5\libgcc.a(_ge_sf.o)
 .debug_line    0x00000735       0xd3 c:/gharib/avr/winavr/bin/../lib/gcc/avr/4.3.3/avr5\libgcc.a(_lt_sf.o)
 .debug_line    0x00000808      0x109 c:/gharib/avr/winavr/bin/../lib/gcc/avr/4.3.3/avr5\libgcc.a(_sf_to_si.o)
 .debug_line    0x00000911       0x90 c:/gharib/avr/winavr/bin/../lib/gcc/avr/4.3.3/avr5\libgcc.a(_thenan_sf.o)
 .debug_line    0x000009a1      0x18a c:/gharib/avr/winavr/bin/../lib/gcc/avr/4.3.3/avr5\libgcc.a(_pack_sf.o)
 .debug_line    0x00000b2b      0x14b c:/gharib/avr/winavr/bin/../lib/gcc/avr/4.3.3/avr5\libgcc.a(_unpack_sf.o)
 .debug_line    0x00000c76      0x137 c:/gharib/avr/winavr/bin/../lib/gcc/avr/4.3.3/avr5\libgcc.a(_fpcmp_parts_sf.o)

.debug_frame    0x00000000      0x160
 *(.debug_frame)
 .debug_frame   0x00000000       0x20 c:/gharib/avr/winavr/bin/../lib/gcc/avr/4.3.3/avr5\libgcc.a(_fixunssfsi.o)
 .debug_frame   0x00000020       0x40 c:/gharib/avr/winavr/bin/../lib/gcc/avr/4.3.3/avr5\libgcc.a(_addsub_sf.o)
 .debug_frame   0x00000060       0x20 c:/gharib/avr/winavr/bin/../lib/gcc/avr/4.3.3/avr5\libgcc.a(_mul_sf.o)
 .debug_frame   0x00000080       0x20 c:/gharib/avr/winavr/bin/../lib/gcc/avr/4.3.3/avr5\libgcc.a(_gt_sf.o)
 .debug_frame   0x000000a0       0x20 c:/gharib/avr/winavr/bin/../lib/gcc/avr/4.3.3/avr5\libgcc.a(_ge_sf.o)
 .debug_frame   0x000000c0       0x20 c:/gharib/avr/winavr/bin/../lib/gcc/avr/4.3.3/avr5\libgcc.a(_lt_sf.o)
 .debug_frame   0x000000e0       0x20 c:/gharib/avr/winavr/bin/../lib/gcc/avr/4.3.3/avr5\libgcc.a(_sf_to_si.o)
 .debug_frame   0x00000100       0x20 c:/gharib/avr/winavr/bin/../lib/gcc/avr/4.3.3/avr5\libgcc.a(_pack_sf.o)
 .debug_frame   0x00000120       0x20 c:/gharib/avr/winavr/bin/../lib/gcc/avr/4.3.3/avr5\libgcc.a(_unpack_sf.o)
 .debug_frame   0x00000140       0x20 c:/gharib/avr/winavr/bin/../lib/gcc/avr/4.3.3/avr5\libgcc.a(_fpcmp_parts_sf.o)

.debug_str      0x00000000      0x28d
 *(.debug_str)
 .debug_str     0x00000000       0xbf c:/gharib/avr/winavr/bin/../lib/gcc/avr/4.3.3/avr5\libgcc.a(_fixunssfsi.o)
                                 0xfe (size before relaxing)
 .debug_str     0x000000bf      0x14d c:/gharib/avr/winavr/bin/../lib/gcc/avr/4.3.3/avr5\libgcc.a(_addsub_sf.o)
                                0x206 (size before relaxing)
 .debug_str     0x0000020c       0x27 c:/gharib/avr/winavr/bin/../lib/gcc/avr/4.3.3/avr5\libgcc.a(_mul_sf.o)
                                0x1bf (size before relaxing)
 .debug_str     0x00000233        0xf c:/gharib/avr/winavr/bin/../lib/gcc/avr/4.3.3/avr5\libgcc.a(_gt_sf.o)
                                0x195 (size before relaxing)
 .debug_str     0x00000242        0x8 c:/gharib/avr/winavr/bin/../lib/gcc/avr/4.3.3/avr5\libgcc.a(_ge_sf.o)
                                0x195 (size before relaxing)
 .debug_str     0x0000024a        0x8 c:/gharib/avr/winavr/bin/../lib/gcc/avr/4.3.3/avr5\libgcc.a(_lt_sf.o)
                                0x195 (size before relaxing)
 .debug_str     0x00000252        0xa c:/gharib/avr/winavr/bin/../lib/gcc/avr/4.3.3/avr5\libgcc.a(_sf_to_si.o)
                                0x19e (size before relaxing)
 .debug_str     0x00000000      0x103 c:/gharib/avr/winavr/bin/../lib/gcc/avr/4.3.3/avr5\libgcc.a(_thenan_sf.o)
 .debug_str     0x0000025c       0x16 c:/gharib/avr/winavr/bin/../lib/gcc/avr/4.3.3/avr5\libgcc.a(_pack_sf.o)
                                0x19d (size before relaxing)
 .debug_str     0x00000272        0xb c:/gharib/avr/winavr/bin/../lib/gcc/avr/4.3.3/avr5\libgcc.a(_unpack_sf.o)
                                0x17f (size before relaxing)
 .debug_str     0x0000027d       0x10 c:/gharib/avr/winavr/bin/../lib/gcc/avr/4.3.3/avr5\libgcc.a(_fpcmp_parts_sf.o)
                                0x163 (size before relaxing)

.debug_loc      0x00000000      0x7ce
 *(.debug_loc)
 .debug_loc     0x00000000       0x34 c:/gharib/avr/winavr/bin/../lib/gcc/avr/4.3.3/avr5\libgcc.a(_fixunssfsi.o)
 .debug_loc     0x00000034      0x32a c:/gharib/avr/winavr/bin/../lib/gcc/avr/4.3.3/avr5\libgcc.a(_addsub_sf.o)
 .debug_loc     0x0000035e      0x104 c:/gharib/avr/winavr/bin/../lib/gcc/avr/4.3.3/avr5\libgcc.a(_mul_sf.o)
 .debug_loc     0x00000462       0x3c c:/gharib/avr/winavr/bin/../lib/gcc/avr/4.3.3/avr5\libgcc.a(_gt_sf.o)
 .debug_loc     0x0000049e       0x3c c:/gharib/avr/winavr/bin/../lib/gcc/avr/4.3.3/avr5\libgcc.a(_ge_sf.o)
 .debug_loc     0x000004da       0x3c c:/gharib/avr/winavr/bin/../lib/gcc/avr/4.3.3/avr5\libgcc.a(_lt_sf.o)
 .debug_loc     0x00000516       0x7e c:/gharib/avr/winavr/bin/../lib/gcc/avr/4.3.3/avr5\libgcc.a(_sf_to_si.o)
 .debug_loc     0x00000594      0x13e c:/gharib/avr/winavr/bin/../lib/gcc/avr/4.3.3/avr5\libgcc.a(_pack_sf.o)
 .debug_loc     0x000006d2       0xac c:/gharib/avr/winavr/bin/../lib/gcc/avr/4.3.3/avr5\libgcc.a(_unpack_sf.o)
 .debug_loc     0x0000077e       0x50 c:/gharib/avr/winavr/bin/../lib/gcc/avr/4.3.3/avr5\libgcc.a(_fpcmp_parts_sf.o)

.debug_macinfo
 *(.debug_macinfo)
OUTPUT(AVR_Drivers.elf elf32-avr)
LOAD linker stubs

.debug_ranges   0x00000000       0x50
 .debug_ranges  0x00000000       0x50 c:/gharib/avr/winavr/bin/../lib/gcc/avr/4.3.3/avr5\libgcc.a(_mul_sf.o)
