Archive member included because of file (symbol)

c:/gharib/avr/winavr/bin/../lib/gcc/avr/4.3.3/avr5\libgcc.a(_divmodsi4.o)
                              ./HAL/HLCD/LCD_PROGRAM.o (__divmodsi4)
c:/gharib/avr/winavr/bin/../lib/gcc/avr/4.3.3/avr5\libgcc.a(_exit.o)
                              c:/gharib/avr/winavr/bin/../lib/gcc/avr/4.3.3/../../../../avr/lib/avr5/crtm32.o (exit)
c:/gharib/avr/winavr/bin/../lib/gcc/avr/4.3.3/avr5\libgcc.a(_copy_data.o)
                              ./HAL/HKEYPAD/KEYPAD_PROGRAM.o (__do_copy_data)
c:/gharib/avr/winavr/bin/../lib/gcc/avr/4.3.3/avr5\libgcc.a(_clear_bss.o)
                              ./MCAL/MUART/UART_PROGRAME.o (__do_clear_bss)
c:/gharib/avr/winavr/bin/../lib/gcc/avr/4.3.3/avr5\libgcc.a(_fixunssfsi.o)
                              ./HAL/HLCD/LCD_PROGRAM.o (__fixunssfsi)
c:/gharib/avr/winavr/bin/../lib/gcc/avr/4.3.3/avr5\libgcc.a(_addsub_sf.o)
                              c:/gharib/avr/winavr/bin/../lib/gcc/avr/4.3.3/avr5\libgcc.a(_fixunssfsi.o) (__subsf3)
c:/gharib/avr/winavr/bin/../lib/gcc/avr/4.3.3/avr5\libgcc.a(_mul_sf.o)
                              ./HAL/HLCD/LCD_PROGRAM.o (__mulsf3)
c:/gharib/avr/winavr/bin/../lib/gcc/avr/4.3.3/avr5\libgcc.a(_gt_sf.o)
                              ./HAL/HLCD/LCD_PROGRAM.o (__gtsf2)
c:/gharib/avr/winavr/bin/../lib/gcc/avr/4.3.3/avr5\libgcc.a(_ge_sf.o)
                              c:/gharib/avr/winavr/bin/../lib/gcc/avr/4.3.3/avr5\libgcc.a(_fixunssfsi.o) (__gesf2)
c:/gharib/avr/winavr/bin/../lib/gcc/avr/4.3.3/avr5\libgcc.a(_lt_sf.o)
                              ./HAL/HLCD/LCD_PROGRAM.o (__ltsf2)
c:/gharib/avr/winavr/bin/../lib/gcc/avr/4.3.3/avr5\libgcc.a(_sf_to_si.o)
                              c:/gharib/avr/winavr/bin/../lib/gcc/avr/4.3.3/avr5\libgcc.a(_fixunssfsi.o) (__fixsfsi)
c:/gharib/avr/winavr/bin/../lib/gcc/avr/4.3.3/avr5\libgcc.a(_thenan_sf.o)
                              c:/gharib/avr/winavr/bin/../lib/gcc/avr/4.3.3/avr5\libgcc.a(_addsub_sf.o) (__thenan_sf)
c:/gharib/avr/winavr/bin/../lib/gcc/avr/4.3.3/avr5\libgcc.a(_udivmodsi4.o)
                              c:/gharib/avr/winavr/bin/../lib/gcc/avr/4.3.3/avr5\libgcc.a(_divmodsi4.o) (__udivmodsi4)
c:/gharib/avr/winavr/bin/../lib/gcc/avr/4.3.3/avr5\libgcc.a(_prologue.o)
                              c:/gharib/avr/winavr/bin/../lib/gcc/avr/4.3.3/avr5\libgcc.a(_addsub_sf.o) (__prologue_saves__)
c:/gharib/avr/winavr/bin/../lib/gcc/avr/4.3.3/avr5\libgcc.a(_epilogue.o)
                              c:/gharib/avr/winavr/bin/../lib/gcc/avr/4.3.3/avr5\libgcc.a(_addsub_sf.o) (__epilogue_restores__)
c:/gharib/avr/winavr/bin/../lib/gcc/avr/4.3.3/avr5\libgcc.a(_pack_sf.o)
                              c:/gharib/avr/winavr/bin/../lib/gcc/avr/4.3.3/avr5\libgcc.a(_addsub_sf.o) (__pack_f)
c:/gharib/avr/winavr/bin/../lib/gcc/avr/4.3.3/avr5\libgcc.a(_unpack_sf.o)
                              c:/gharib/avr/winavr/bin/../lib/gcc/avr/4.3.3/avr5\libgcc.a(_addsub_sf.o) (__unpack_f)
c:/gharib/avr/winavr/bin/../lib/gcc/avr/4.3.3/avr5\libgcc.a(_fpcmp_parts_sf.o)
                              c:/gharib/avr/winavr/bin/../lib/gcc/avr/4.3.3/avr5\libgcc.a(_gt_sf.o) (__fpcmp_parts_f)

Allocating common symbols
Common symbol       size              file

SPI_pvCallBackFunc  0x2               ./MCAL/MSPI/SPI_PROGRAM.o
UART_pvCallBackFunc
                    0x4               ./MCAL/MUART/UART_PROGRAME.o

Memory Configuration

Name             Origin             Length             Attributes
text             0x00000000         0x00020000         xr
data             0x00800060         0x0000ffa0         rw !x
eeprom           0x00810000         0x00010000         rw !x
fuse             0x00820000         0x00000400         rw !x
lock             0x00830000         0x00000400         rw !x
signature        0x00840000         0x00000400         rw !x
*default*        0x00000000         0xffffffff

Linker script and memory map

LOAD c:/gharib/avr/winavr/bin/../lib/gcc/avr/4.3.3/../../../../avr/lib/avr5/crtm32.o
LOAD ./MCAL/MUART/UART_PROGRAME.o
LOAD ./MCAL/MSPI/SPI_PROGRAM.o
LOAD ./MCAL/MI2C/I2C_PROGRAME.o
LOAD ./MCAL/MDIO/DIO_PROGRAM.o
LOAD ./HAL/HLCD/LCD_PROGRAM.o
LOAD ./HAL/HKEYPAD/KEYPAD_PROGRAM.o
LOAD ./APP/main.o
LOAD c:/gharib/avr/winavr/bin/../lib/gcc/avr/4.3.3/avr5\libgcc.a
LOAD c:/gharib/avr/winavr/bin/../lib/gcc/avr/4.3.3/../../../../avr/lib/avr5\libc.a
LOAD c:/gharib/avr/winavr/bin/../lib/gcc/avr/4.3.3/avr5\libgcc.a

.hash
 *(.hash)

.dynsym
 *(.dynsym)

.dynstr
 *(.dynstr)

.gnu.version
 *(.gnu.version)

.gnu.version_d
 *(.gnu.version_d)

.gnu.version_r
 *(.gnu.version_r)

.rel.init
 *(.rel.init)

.rela.init
 *(.rela.init)

.rel.text
 *(.rel.text)
 *(.rel.text.*)
 *(.rel.gnu.linkonce.t*)

.rela.text
 *(.rela.text)
 *(.rela.text.*)
 *(.rela.gnu.linkonce.t*)

.rel.fini
 *(.rel.fini)

.rela.fini
 *(.rela.fini)

.rel.rodata
 *(.rel.rodata)
 *(.rel.rodata.*)
 *(.rel.gnu.linkonce.r*)

.rela.rodata
 *(.rela.rodata)
 *(.rela.rodata.*)
 *(.rela.gnu.linkonce.r*)

.rel.data
 *(.rel.data)
 *(.rel.data.*)
 *(.rel.gnu.linkonce.d*)

.rela.data
 *(.rela.data)
 *(.rela.data.*)
 *(.rela.gnu.linkonce.d*)

.rel.ctors
 *(.rel.ctors)

.rela.ctors
 *(.rela.ctors)

.rel.dtors
 *(.rel.dtors)

.rela.dtors
 *(.rela.dtors)

.rel.got
 *(.rel.got)

.rela.got
 *(.rela.got)

.rel.bss
 *(.rel.bss)

.rela.bss
 *(.rela.bss)

.rel.plt
 *(.rel.plt)

.rela.plt
 *(.rela.plt)

.text           0x00000000     0x2688
 *(.vectors)
 .vectors       0x00000000       0x54 c:/gharib/avr/winavr/bin/../lib/gcc/avr/4.3.3/../../../../avr/lib/avr5/crtm32.o
                0x00000000                __vectors
                0x00000000                __vector_default
 *(.vectors)
 *(.progmem.gcc*)
 *(.progmem*)
                0x00000054                . = ALIGN (0x2)
                0x00000054                __trampolines_start = .
 *(.trampolines)
 .trampolines   0x00000054        0x0 linker stubs
 *(.trampolines*)
                0x00000054                __trampolines_end = .
 *(.jumptables)
 *(.jumptables*)
 *(.lowtext)
 *(.lowtext*)
                0x00000054                __ctors_start = .
 *(.ctors)
                0x00000054                __ctors_end = .
                0x00000054                __dtors_start = .
 *(.dtors)
                0x00000054                __dtors_end = .
 SORT(*)(.ctors)
 SORT(*)(.dtors)
 *(.init0)
 .init0         0x00000054        0x0 c:/gharib/avr/winavr/bin/../lib/gcc/avr/4.3.3/../../../../avr/lib/avr5/crtm32.o
                0x00000054                __init
 *(.init0)
 *(.init1)
 *(.init1)
 *(.init2)
 .init2         0x00000054        0xc c:/gharib/avr/winavr/bin/../lib/gcc/avr/4.3.3/../../../../avr/lib/avr5/crtm32.o
 *(.init2)
 *(.init3)
 *(.init3)
 *(.init4)
 .init4         0x00000060       0x16 c:/gharib/avr/winavr/bin/../lib/gcc/avr/4.3.3/avr5\libgcc.a(_copy_data.o)
                0x00000060                __do_copy_data
 .init4         0x00000076       0x10 c:/gharib/avr/winavr/bin/../lib/gcc/avr/4.3.3/avr5\libgcc.a(_clear_bss.o)
                0x00000076                __do_clear_bss
 *(.init4)
 *(.init5)
 *(.init5)
 *(.init6)
 *(.init6)
 *(.init7)
 *(.init7)
 *(.init8)
 *(.init8)
 *(.init9)
 .init9         0x00000086        0x8 c:/gharib/avr/winavr/bin/../lib/gcc/avr/4.3.3/../../../../avr/lib/avr5/crtm32.o
 *(.init9)
 *(.text)
 .text          0x0000008e        0x4 c:/gharib/avr/winavr/bin/../lib/gcc/avr/4.3.3/../../../../avr/lib/avr5/crtm32.o
                0x0000008e                __vector_1
                0x0000008e                __bad_interrupt
                0x0000008e                __vector_6
                0x0000008e                __vector_3
                0x0000008e                __vector_11
                0x0000008e                __vector_17
                0x0000008e                __vector_19
                0x0000008e                __vector_7
                0x0000008e                __vector_5
                0x0000008e                __vector_4
                0x0000008e                __vector_9
                0x0000008e                __vector_2
                0x0000008e                __vector_8
                0x0000008e                __vector_14
                0x0000008e                __vector_10
                0x0000008e                __vector_16
                0x0000008e                __vector_18
                0x0000008e                __vector_20
 .text          0x00000092        0x0 ./MCAL/MUART/UART_PROGRAME.o
 .text          0x00000092        0x0 ./MCAL/MSPI/SPI_PROGRAM.o
 .text          0x00000092        0x0 ./MCAL/MI2C/I2C_PROGRAME.o
 .text          0x00000092        0x0 ./MCAL/MDIO/DIO_PROGRAM.o
 .text          0x00000092        0x0 ./HAL/HLCD/LCD_PROGRAM.o
 .text          0x00000092        0x0 ./HAL/HKEYPAD/KEYPAD_PROGRAM.o
 .text          0x00000092        0x0 ./APP/main.o
 .text          0x00000092        0x0 c:/gharib/avr/winavr/bin/../lib/gcc/avr/4.3.3/avr5\libgcc.a(_divmodsi4.o)
 .text          0x00000092        0x0 c:/gharib/avr/winavr/bin/../lib/gcc/avr/4.3.3/avr5\libgcc.a(_exit.o)
 .text          0x00000092        0x0 c:/gharib/avr/winavr/bin/../lib/gcc/avr/4.3.3/avr5\libgcc.a(_copy_data.o)
 .text          0x00000092        0x0 c:/gharib/avr/winavr/bin/../lib/gcc/avr/4.3.3/avr5\libgcc.a(_clear_bss.o)
 .text          0x00000092       0x58 c:/gharib/avr/winavr/bin/../lib/gcc/avr/4.3.3/avr5\libgcc.a(_fixunssfsi.o)
                0x00000092                __fixunssfsi
 .text          0x000000ea      0x354 c:/gharib/avr/winavr/bin/../lib/gcc/avr/4.3.3/avr5\libgcc.a(_addsub_sf.o)
                0x00000382                __subsf3
                0x000003e4                __addsf3
 .text          0x0000043e      0x1f4 c:/gharib/avr/winavr/bin/../lib/gcc/avr/4.3.3/avr5\libgcc.a(_mul_sf.o)
                0x0000043e                __mulsf3
 .text          0x00000632       0x60 c:/gharib/avr/winavr/bin/../lib/gcc/avr/4.3.3/avr5\libgcc.a(_gt_sf.o)
                0x00000632                __gtsf2
 .text          0x00000692       0x60 c:/gharib/avr/winavr/bin/../lib/gcc/avr/4.3.3/avr5\libgcc.a(_ge_sf.o)
                0x00000692                __gesf2
 .text          0x000006f2       0x60 c:/gharib/avr/winavr/bin/../lib/gcc/avr/4.3.3/avr5\libgcc.a(_lt_sf.o)
                0x000006f2                __ltsf2
 .text          0x00000752       0xa8 c:/gharib/avr/winavr/bin/../lib/gcc/avr/4.3.3/avr5\libgcc.a(_sf_to_si.o)
                0x00000752                __fixsfsi
 .text          0x000007fa        0x0 c:/gharib/avr/winavr/bin/../lib/gcc/avr/4.3.3/avr5\libgcc.a(_thenan_sf.o)
 .text          0x000007fa        0x0 c:/gharib/avr/winavr/bin/../lib/gcc/avr/4.3.3/avr5\libgcc.a(_udivmodsi4.o)
 .text          0x000007fa        0x0 c:/gharib/avr/winavr/bin/../lib/gcc/avr/4.3.3/avr5\libgcc.a(_prologue.o)
 .text          0x000007fa        0x0 c:/gharib/avr/winavr/bin/../lib/gcc/avr/4.3.3/avr5\libgcc.a(_epilogue.o)
 .text          0x000007fa      0x1aa c:/gharib/avr/winavr/bin/../lib/gcc/avr/4.3.3/avr5\libgcc.a(_pack_sf.o)
                0x000007fa                __pack_f
 .text          0x000009a4       0xf0 c:/gharib/avr/winavr/bin/../lib/gcc/avr/4.3.3/avr5\libgcc.a(_unpack_sf.o)
                0x000009a4                __unpack_f
 .text          0x00000a94       0xb2 c:/gharib/avr/winavr/bin/../lib/gcc/avr/4.3.3/avr5\libgcc.a(_fpcmp_parts_sf.o)
                0x00000a94                __fpcmp_parts_f
                0x00000b46                . = ALIGN (0x2)
 *(.text.*)
 .text.MUART_voidInit
                0x00000b46       0x66 ./MCAL/MUART/UART_PROGRAME.o
                0x00000b46                MUART_voidInit
 .text.MUART_voidSendData
                0x00000bac       0x34 ./MCAL/MUART/UART_PROGRAME.o
                0x00000bac                MUART_voidSendData
 .text.MUART_u8ReciveData
                0x00000be0       0x1e ./MCAL/MUART/UART_PROGRAME.o
                0x00000be0                MUART_u8ReciveData
 .text.MUART_voidSendString
                0x00000bfe       0x52 ./MCAL/MUART/UART_PROGRAME.o
                0x00000bfe                MUART_voidSendString
 .text.MUART_voidReciveString
                0x00000c50       0x86 ./MCAL/MUART/UART_PROGRAME.o
                0x00000c50                MUART_voidReciveString
 .text.UART_voidIntEnable
                0x00000cd6       0x64 ./MCAL/MUART/UART_PROGRAME.o
                0x00000cd6                UART_voidIntEnable
 .text.UART_voidIntDisable
                0x00000d3a       0x56 ./MCAL/MUART/UART_PROGRAME.o
                0x00000d3a                UART_voidIntDisable
 .text.MUART_voidAsyncSendData
                0x00000d90       0x1c ./MCAL/MUART/UART_PROGRAME.o
                0x00000d90                MUART_voidAsyncSendData
 .text.MUART_u8AsyncReciveData
                0x00000dac       0x14 ./MCAL/MUART/UART_PROGRAME.o
                0x00000dac                MUART_u8AsyncReciveData
 .text.UART_voidSetCallBack
                0x00000dc0       0x36 ./MCAL/MUART/UART_PROGRAME.o
                0x00000dc0                UART_voidSetCallBack
 .text.__vector_13
                0x00000df6       0x5a ./MCAL/MUART/UART_PROGRAME.o
                0x00000df6                __vector_13
 .text.__vector_15
                0x00000e50       0x5a ./MCAL/MUART/UART_PROGRAME.o
                0x00000e50                __vector_15
 .text.MSPI_voidInit
                0x00000eaa       0x38 ./MCAL/MSPI/SPI_PROGRAM.o
                0x00000eaa                MSPI_voidInit
 .text.MSPI_voidSendData
                0x00000ee2       0x26 ./MCAL/MSPI/SPI_PROGRAM.o
                0x00000ee2                MSPI_voidSendData
 .text.MSPI_u8ReciveData
                0x00000f08       0x1e ./MCAL/MSPI/SPI_PROGRAM.o
                0x00000f08                MSPI_u8ReciveData
 .text.MSPI_u8SendReciveData
                0x00000f26       0x2c ./MCAL/MSPI/SPI_PROGRAM.o
                0x00000f26                MSPI_u8SendReciveData
 .text.MSPI_voidIntEnable
                0x00000f52       0x2a ./MCAL/MSPI/SPI_PROGRAM.o
                0x00000f52                MSPI_voidIntEnable
 .text.MSPI_voidIntDisable
                0x00000f7c       0x1c ./MCAL/MSPI/SPI_PROGRAM.o
                0x00000f7c                MSPI_voidIntDisable
 .text.MSPI_voidAsyncSendData
                0x00000f98       0x1c ./MCAL/MSPI/SPI_PROGRAM.o
                0x00000f98                MSPI_voidAsyncSendData
 .text.MSPI_u8AsyncReciveData
                0x00000fb4       0x14 ./MCAL/MSPI/SPI_PROGRAM.o
                0x00000fb4                MSPI_u8AsyncReciveData
 .text.MSPI_voidSetCallBack
                0x00000fc8       0x24 ./MCAL/MSPI/SPI_PROGRAM.o
                0x00000fc8                MSPI_voidSetCallBack
 .text.__vector_12
                0x00000fec       0x5a ./MCAL/MSPI/SPI_PROGRAM.o
                0x00000fec                __vector_12
 .text.MI2C_voidInit
                0x00001046       0x4e ./MCAL/MI2C/I2C_PROGRAME.o
                0x00001046                MI2C_voidInit
 .text.MI2C_SendStartCondition
                0x00001094       0x20 ./MCAL/MI2C/I2C_PROGRAME.o
                0x00001094                MI2C_SendStartCondition
 .text.MI2C_SendRepeatedStartCondition
                0x000010b4       0x20 ./MCAL/MI2C/I2C_PROGRAME.o
                0x000010b4                MI2C_SendRepeatedStartCondition
 .text.MI2C_SendStopCondition
                0x000010d4       0x38 ./MCAL/MI2C/I2C_PROGRAME.o
                0x000010d4                MI2C_SendStopCondition
 .text.MI2C_SendSlaveAddressWithWrite
                0x0000110c       0x42 ./MCAL/MI2C/I2C_PROGRAME.o
                0x0000110c                MI2C_SendSlaveAddressWithWrite
 .text.MI2C_SendSlaveAddressWithRead
                0x0000114e       0x42 ./MCAL/MI2C/I2C_PROGRAME.o
                0x0000114e                MI2C_SendSlaveAddressWithRead
 .text.MI2C_MasterWriteDataByte
                0x00001190       0x2e ./MCAL/MI2C/I2C_PROGRAME.o
                0x00001190                MI2C_MasterWriteDataByte
 .text.MI2C_MasterReadDataByte
                0x000011be       0x26 ./MCAL/MI2C/I2C_PROGRAME.o
                0x000011be                MI2C_MasterReadDataByte
 .text.EEPROM_voidInit
                0x000011e4       0x12 ./MCAL/MI2C/I2C_PROGRAME.o
                0x000011e4                EEPROM_voidInit
 .text.EEPROM_voidWrite_Byte
                0x000011f6       0x38 ./MCAL/MI2C/I2C_PROGRAME.o
                0x000011f6                EEPROM_voidWrite_Byte
 .text.EEPROM_u8Read_Byte
                0x0000122e       0x4a ./MCAL/MI2C/I2C_PROGRAME.o
                0x0000122e                EEPROM_u8Read_Byte
 .text.MDIO_voidSetPinDirection
                0x00001278      0x1e4 ./MCAL/MDIO/DIO_PROGRAM.o
                0x00001278                MDIO_voidSetPinDirection
 .text.MDIO_voidSetPinValue
                0x0000145c      0x1e4 ./MCAL/MDIO/DIO_PROGRAM.o
                0x0000145c                MDIO_voidSetPinValue
 .text.MDIO_voidSetPortDirection
                0x00001640       0x82 ./MCAL/MDIO/DIO_PROGRAM.o
                0x00001640                MDIO_voidSetPortDirection
 .text.MDIO_voidSetPortValue
                0x000016c2       0x82 ./MCAL/MDIO/DIO_PROGRAM.o
                0x000016c2                MDIO_voidSetPortValue
 .text.MDIO_u8GetPinValue
                0x00001744       0xf2 ./MCAL/MDIO/DIO_PROGRAM.o
                0x00001744                MDIO_u8GetPinValue
 .text.HLCD_voidInit
                0x00001836      0x170 ./HAL/HLCD/LCD_PROGRAM.o
                0x00001836                HLCD_voidInit
 .text.HLCD_voidSendCommand
                0x000019a6      0x3a8 ./HAL/HLCD/LCD_PROGRAM.o
                0x000019a6                HLCD_voidSendCommand
 .text.HLCD_voidSendData
                0x00001d4e      0x3a8 ./HAL/HLCD/LCD_PROGRAM.o
                0x00001d4e                HLCD_voidSendData
 .text.HLCD_voidClearDisplay
                0x000020f6       0x14 ./HAL/HLCD/LCD_PROGRAM.o
                0x000020f6                HLCD_voidClearDisplay
 .text.HLCD_voidSendString
                0x0000210a       0x38 ./HAL/HLCD/LCD_PROGRAM.o
                0x0000210a                HLCD_voidSendString
 .text.HLCD_voidGoToPosition
                0x00002142       0x4e ./HAL/HLCD/LCD_PROGRAM.o
                0x00002142                HLCD_voidGoToPosition
 .text.HLCD_voidDisplayNumber
                0x00002190      0x110 ./HAL/HLCD/LCD_PROGRAM.o
                0x00002190                HLCD_voidDisplayNumber
 .text.HLCD_voidDisplaySpecialChar
                0x000022a0       0x90 ./HAL/HLCD/LCD_PROGRAM.o
                0x000022a0                HLCD_voidDisplaySpecialChar
 .text.HKEYPAD_voidInit
                0x00002330       0x86 ./HAL/HKEYPAD/KEYPAD_PROGRAM.o
                0x00002330                HKEYPAD_voidInit
 .text.HKEYPAD_u8GetPressedKey
                0x000023b6       0xae ./HAL/HKEYPAD/KEYPAD_PROGRAM.o
                0x000023b6                HKEYPAD_u8GetPressedKey
 .text.main     0x00002464      0x138 ./APP/main.o
                0x00002464                main
 .text.libgcc   0x0000259c       0x36 c:/gharib/avr/winavr/bin/../lib/gcc/avr/4.3.3/avr5\libgcc.a(_divmodsi4.o)
                0x0000259c                __divmodsi4
 .text.libgcc   0x000025d2        0x0 c:/gharib/avr/winavr/bin/../lib/gcc/avr/4.3.3/avr5\libgcc.a(_exit.o)
 .text.libgcc   0x000025d2        0x0 c:/gharib/avr/winavr/bin/../lib/gcc/avr/4.3.3/avr5\libgcc.a(_copy_data.o)
 .text.libgcc   0x000025d2        0x0 c:/gharib/avr/winavr/bin/../lib/gcc/avr/4.3.3/avr5\libgcc.a(_clear_bss.o)
 .text.libgcc   0x000025d2       0x44 c:/gharib/avr/winavr/bin/../lib/gcc/avr/4.3.3/avr5\libgcc.a(_udivmodsi4.o)
                0x000025d2                __udivmodsi4
 .text.libgcc   0x00002616       0x38 c:/gharib/avr/winavr/bin/../lib/gcc/avr/4.3.3/avr5\libgcc.a(_prologue.o)
                0x00002616                __prologue_saves__
 .text.libgcc   0x0000264e       0x36 c:/gharib/avr/winavr/bin/../lib/gcc/avr/4.3.3/avr5\libgcc.a(_epilogue.o)
                0x0000264e                __epilogue_restores__
                0x00002684                . = ALIGN (0x2)
 *(.fini9)
 .fini9         0x00002684        0x0 c:/gharib/avr/winavr/bin/../lib/gcc/avr/4.3.3/avr5\libgcc.a(_exit.o)
                0x00002684                exit
                0x00002684                _exit
 *(.fini9)
 *(.fini8)
 *(.fini8)
 *(.fini7)
 *(.fini7)
 *(.fini6)
 *(.fini6)
 *(.fini5)
 *(.fini5)
 *(.fini4)
 *(.fini4)
 *(.fini3)
 *(.fini3)
 *(.fini2)
 *(.fini2)
 *(.fini1)
 *(.fini1)
 *(.fini0)
 .fini0         0x00002684        0x4 c:/gharib/avr/winavr/bin/../lib/gcc/avr/4.3.3/avr5\libgcc.a(_exit.o)
 *(.fini0)
                0x00002688                _etext = .

.data           0x00800060       0x18 load address 0x00002688
                0x00800060                PROVIDE (__data_start, .)
 *(.data)
 .data          0x00800060        0x0 c:/gharib/avr/winavr/bin/../lib/gcc/avr/4.3.3/../../../../avr/lib/avr5/crtm32.o
 .data          0x00800060        0x0 ./MCAL/MUART/UART_PROGRAME.o
 .data          0x00800060        0x0 ./MCAL/MSPI/SPI_PROGRAM.o
 .data          0x00800060        0x0 ./MCAL/MI2C/I2C_PROGRAME.o
 .data          0x00800060        0x0 ./MCAL/MDIO/DIO_PROGRAM.o
 .data          0x00800060        0x0 ./HAL/HLCD/LCD_PROGRAM.o
 .data          0x00800060        0x0 ./HAL/HKEYPAD/KEYPAD_PROGRAM.o
 .data          0x00800060        0x0 ./APP/main.o
 .data          0x00800060        0x0 c:/gharib/avr/winavr/bin/../lib/gcc/avr/4.3.3/avr5\libgcc.a(_divmodsi4.o)
 .data          0x00800060        0x0 c:/gharib/avr/winavr/bin/../lib/gcc/avr/4.3.3/avr5\libgcc.a(_exit.o)
 .data          0x00800060        0x0 c:/gharib/avr/winavr/bin/../lib/gcc/avr/4.3.3/avr5\libgcc.a(_copy_data.o)
 .data          0x00800060        0x0 c:/gharib/avr/winavr/bin/../lib/gcc/avr/4.3.3/avr5\libgcc.a(_clear_bss.o)
 .data          0x00800060        0x0 c:/gharib/avr/winavr/bin/../lib/gcc/avr/4.3.3/avr5\libgcc.a(_fixunssfsi.o)
 .data          0x00800060        0x0 c:/gharib/avr/winavr/bin/../lib/gcc/avr/4.3.3/avr5\libgcc.a(_addsub_sf.o)
 .data          0x00800060        0x0 c:/gharib/avr/winavr/bin/../lib/gcc/avr/4.3.3/avr5\libgcc.a(_mul_sf.o)
 .data          0x00800060        0x0 c:/gharib/avr/winavr/bin/../lib/gcc/avr/4.3.3/avr5\libgcc.a(_gt_sf.o)
 .data          0x00800060        0x0 c:/gharib/avr/winavr/bin/../lib/gcc/avr/4.3.3/avr5\libgcc.a(_ge_sf.o)
 .data          0x00800060        0x0 c:/gharib/avr/winavr/bin/../lib/gcc/avr/4.3.3/avr5\libgcc.a(_lt_sf.o)
 .data          0x00800060        0x0 c:/gharib/avr/winavr/bin/../lib/gcc/avr/4.3.3/avr5\libgcc.a(_sf_to_si.o)
 .data          0x00800060        0x8 c:/gharib/avr/winavr/bin/../lib/gcc/avr/4.3.3/avr5\libgcc.a(_thenan_sf.o)
                0x00800060                __thenan_sf
 .data          0x00800068        0x0 c:/gharib/avr/winavr/bin/../lib/gcc/avr/4.3.3/avr5\libgcc.a(_udivmodsi4.o)
 .data          0x00800068        0x0 c:/gharib/avr/winavr/bin/../lib/gcc/avr/4.3.3/avr5\libgcc.a(_prologue.o)
 .data          0x00800068        0x0 c:/gharib/avr/winavr/bin/../lib/gcc/avr/4.3.3/avr5\libgcc.a(_epilogue.o)
 .data          0x00800068        0x0 c:/gharib/avr/winavr/bin/../lib/gcc/avr/4.3.3/avr5\libgcc.a(_pack_sf.o)
 .data          0x00800068        0x0 c:/gharib/avr/winavr/bin/../lib/gcc/avr/4.3.3/avr5\libgcc.a(_unpack_sf.o)
 .data          0x00800068        0x0 c:/gharib/avr/winavr/bin/../lib/gcc/avr/4.3.3/avr5\libgcc.a(_fpcmp_parts_sf.o)
 *(.data*)
 .data.arr      0x00800068       0x10 ./HAL/HKEYPAD/KEYPAD_PROGRAM.o
                0x00800068                arr
 *(.rodata)
 *(.rodata*)
 *(.gnu.linkonce.d*)
                0x00800078                . = ALIGN (0x2)
                0x00800078                _edata = .
                0x00800078                PROVIDE (__data_end, .)

.bss            0x00800078        0x6
                0x00800078                PROVIDE (__bss_start, .)
 *(.bss)
 .bss           0x00800078        0x0 c:/gharib/avr/winavr/bin/../lib/gcc/avr/4.3.3/../../../../avr/lib/avr5/crtm32.o
 .bss           0x00800078        0x0 ./MCAL/MUART/UART_PROGRAME.o
 .bss           0x00800078        0x0 ./MCAL/MSPI/SPI_PROGRAM.o
 .bss           0x00800078        0x0 ./MCAL/MI2C/I2C_PROGRAME.o
 .bss           0x00800078        0x0 ./MCAL/MDIO/DIO_PROGRAM.o
 .bss           0x00800078        0x0 ./HAL/HLCD/LCD_PROGRAM.o
 .bss           0x00800078        0x0 ./HAL/HKEYPAD/KEYPAD_PROGRAM.o
 .bss           0x00800078        0x0 ./APP/main.o
 .bss           0x00800078        0x0 c:/gharib/avr/winavr/bin/../lib/gcc/avr/4.3.3/avr5\libgcc.a(_divmodsi4.o)
 .bss           0x00800078        0x0 c:/gharib/avr/winavr/bin/../lib/gcc/avr/4.3.3/avr5\libgcc.a(_exit.o)
 .bss           0x00800078        0x0 c:/gharib/avr/winavr/bin/../lib/gcc/avr/4.3.3/avr5\libgcc.a(_copy_data.o)
 .bss           0x00800078        0x0 c:/gharib/avr/winavr/bin/../lib/gcc/avr/4.3.3/avr5\libgcc.a(_clear_bss.o)
 .bss           0x00800078        0x0 c:/gharib/avr/winavr/bin/../lib/gcc/avr/4.3.3/avr5\libgcc.a(_fixunssfsi.o)
 .bss           0x00800078        0x0 c:/gharib/avr/winavr/bin/../lib/gcc/avr/4.3.3/avr5\libgcc.a(_addsub_sf.o)
 .bss           0x00800078        0x0 c:/gharib/avr/winavr/bin/../lib/gcc/avr/4.3.3/avr5\libgcc.a(_mul_sf.o)
 .bss           0x00800078        0x0 c:/gharib/avr/winavr/bin/../lib/gcc/avr/4.3.3/avr5\libgcc.a(_gt_sf.o)
 .bss           0x00800078        0x0 c:/gharib/avr/winavr/bin/../lib/gcc/avr/4.3.3/avr5\libgcc.a(_ge_sf.o)
 .bss           0x00800078        0x0 c:/gharib/avr/winavr/bin/../lib/gcc/avr/4.3.3/avr5\libgcc.a(_lt_sf.o)
 .bss           0x00800078        0x0 c:/gharib/avr/winavr/bin/../lib/gcc/avr/4.3.3/avr5\libgcc.a(_sf_to_si.o)
 .bss           0x00800078        0x0 c:/gharib/avr/winavr/bin/../lib/gcc/avr/4.3.3/avr5\libgcc.a(_thenan_sf.o)
 .bss           0x00800078        0x0 c:/gharib/avr/winavr/bin/../lib/gcc/avr/4.3.3/avr5\libgcc.a(_udivmodsi4.o)
 .bss           0x00800078        0x0 c:/gharib/avr/winavr/bin/../lib/gcc/avr/4.3.3/avr5\libgcc.a(_prologue.o)
 .bss           0x00800078        0x0 c:/gharib/avr/winavr/bin/../lib/gcc/avr/4.3.3/avr5\libgcc.a(_epilogue.o)
 .bss           0x00800078        0x0 c:/gharib/avr/winavr/bin/../lib/gcc/avr/4.3.3/avr5\libgcc.a(_pack_sf.o)
 .bss           0x00800078        0x0 c:/gharib/avr/winavr/bin/../lib/gcc/avr/4.3.3/avr5\libgcc.a(_unpack_sf.o)
 .bss           0x00800078        0x0 c:/gharib/avr/winavr/bin/../lib/gcc/avr/4.3.3/avr5\libgcc.a(_fpcmp_parts_sf.o)
 *(.bss*)
 *(COMMON)
 COMMON         0x00800078        0x4 ./MCAL/MUART/UART_PROGRAME.o
                0x00800078                UART_pvCallBackFunc
 COMMON         0x0080007c        0x2 ./MCAL/MSPI/SPI_PROGRAM.o
                0x0080007c                SPI_pvCallBackFunc
                0x0080007e                PROVIDE (__bss_end, .)
                0x00002688                __data_load_start = LOADADDR (.data)
                0x000026a0                __data_load_end = (__data_load_start + SIZEOF (.data))

.noinit         0x0080007e        0x0
                0x0080007e                PROVIDE (__noinit_start, .)
 *(.noinit*)
                0x0080007e                PROVIDE (__noinit_end, .)
                0x0080007e                _end = .
                0x0080007e                PROVIDE (__heap_start, .)

.eeprom         0x00810000        0x0
 *(.eeprom*)
                0x00810000                __eeprom_end = .

.fuse
 *(.fuse)
 *(.lfuse)
 *(.hfuse)
 *(.efuse)

.lock
 *(.lock*)

.signature
 *(.signature*)

.stab
 *(.stab)

.stabstr
 *(.stabstr)

.stab.excl
 *(.stab.excl)

.stab.exclstr
 *(.stab.exclstr)

.stab.index
 *(.stab.index)

.stab.indexstr
 *(.stab.indexstr)

.comment
 *(.comment)

.debug
 *(.debug)

.line
 *(.line)

.debug_srcinfo
 *(.debug_srcinfo)

.debug_sfnames
 *(.debug_sfnames)

.debug_aranges  0x00000000      0x370
 *(.debug_aranges)
 .debug_aranges
                0x00000000       0x78 ./MCAL/MUART/UART_PROGRAME.o
 .debug_aranges
                0x00000078       0x68 ./MCAL/MSPI/SPI_PROGRAM.o
 .debug_aranges
                0x000000e0       0x70 ./MCAL/MI2C/I2C_PROGRAME.o
 .debug_aranges
                0x00000150       0x40 ./MCAL/MDIO/DIO_PROGRAM.o
 .debug_aranges
                0x00000190       0x58 ./HAL/HLCD/LCD_PROGRAM.o
 .debug_aranges
                0x000001e8       0x28 ./HAL/HKEYPAD/KEYPAD_PROGRAM.o
 .debug_aranges
                0x00000210       0x20 ./APP/main.o
 .debug_aranges
                0x00000230       0x20 c:/gharib/avr/winavr/bin/../lib/gcc/avr/4.3.3/avr5\libgcc.a(_fixunssfsi.o)
 .debug_aranges
                0x00000250       0x20 c:/gharib/avr/winavr/bin/../lib/gcc/avr/4.3.3/avr5\libgcc.a(_addsub_sf.o)
 .debug_aranges
                0x00000270       0x20 c:/gharib/avr/winavr/bin/../lib/gcc/avr/4.3.3/avr5\libgcc.a(_mul_sf.o)
 .debug_aranges
                0x00000290       0x20 c:/gharib/avr/winavr/bin/../lib/gcc/avr/4.3.3/avr5\libgcc.a(_gt_sf.o)
 .debug_aranges
                0x000002b0       0x20 c:/gharib/avr/winavr/bin/../lib/gcc/avr/4.3.3/avr5\libgcc.a(_ge_sf.o)
 .debug_aranges
                0x000002d0       0x20 c:/gharib/avr/winavr/bin/../lib/gcc/avr/4.3.3/avr5\libgcc.a(_lt_sf.o)
 .debug_aranges
                0x000002f0       0x20 c:/gharib/avr/winavr/bin/../lib/gcc/avr/4.3.3/avr5\libgcc.a(_sf_to_si.o)
 .debug_aranges
                0x00000310       0x20 c:/gharib/avr/winavr/bin/../lib/gcc/avr/4.3.3/avr5\libgcc.a(_pack_sf.o)
 .debug_aranges
                0x00000330       0x20 c:/gharib/avr/winavr/bin/../lib/gcc/avr/4.3.3/avr5\libgcc.a(_unpack_sf.o)
 .debug_aranges
                0x00000350       0x20 c:/gharib/avr/winavr/bin/../lib/gcc/avr/4.3.3/avr5\libgcc.a(_fpcmp_parts_sf.o)

.debug_pubnames
                0x00000000      0x6d7
 *(.debug_pubnames)
 .debug_pubnames
                0x00000000      0x13f ./MCAL/MUART/UART_PROGRAME.o
 .debug_pubnames
                0x0000013f      0x10f ./MCAL/MSPI/SPI_PROGRAM.o
 .debug_pubnames
                0x0000024e      0x142 ./MCAL/MI2C/I2C_PROGRAME.o
 .debug_pubnames
                0x00000390       0x97 ./MCAL/MDIO/DIO_PROGRAM.o
 .debug_pubnames
                0x00000427       0xda ./HAL/HLCD/LCD_PROGRAM.o
 .debug_pubnames
                0x00000501       0x4b ./HAL/HKEYPAD/KEYPAD_PROGRAM.o
 .debug_pubnames
                0x0000054c       0x1b ./APP/main.o
 .debug_pubnames
                0x00000567       0x23 c:/gharib/avr/winavr/bin/../lib/gcc/avr/4.3.3/avr5\libgcc.a(_fixunssfsi.o)
 .debug_pubnames
                0x0000058a       0x2c c:/gharib/avr/winavr/bin/../lib/gcc/avr/4.3.3/avr5\libgcc.a(_addsub_sf.o)
 .debug_pubnames
                0x000005b6       0x1f c:/gharib/avr/winavr/bin/../lib/gcc/avr/4.3.3/avr5\libgcc.a(_mul_sf.o)
 .debug_pubnames
                0x000005d5       0x1e c:/gharib/avr/winavr/bin/../lib/gcc/avr/4.3.3/avr5\libgcc.a(_gt_sf.o)
 .debug_pubnames
                0x000005f3       0x1e c:/gharib/avr/winavr/bin/../lib/gcc/avr/4.3.3/avr5\libgcc.a(_ge_sf.o)
 .debug_pubnames
                0x00000611       0x1e c:/gharib/avr/winavr/bin/../lib/gcc/avr/4.3.3/avr5\libgcc.a(_lt_sf.o)
 .debug_pubnames
                0x0000062f       0x20 c:/gharib/avr/winavr/bin/../lib/gcc/avr/4.3.3/avr5\libgcc.a(_sf_to_si.o)
 .debug_pubnames
                0x0000064f       0x22 c:/gharib/avr/winavr/bin/../lib/gcc/avr/4.3.3/avr5\libgcc.a(_thenan_sf.o)
 .debug_pubnames
                0x00000671       0x1f c:/gharib/avr/winavr/bin/../lib/gcc/avr/4.3.3/avr5\libgcc.a(_pack_sf.o)
 .debug_pubnames
                0x00000690       0x21 c:/gharib/avr/winavr/bin/../lib/gcc/avr/4.3.3/avr5\libgcc.a(_unpack_sf.o)
 .debug_pubnames
                0x000006b1       0x26 c:/gharib/avr/winavr/bin/../lib/gcc/avr/4.3.3/avr5\libgcc.a(_fpcmp_parts_sf.o)

.debug_info     0x00000000     0x2b8d
 *(.debug_info)
 .debug_info    0x00000000      0x26e ./MCAL/MUART/UART_PROGRAME.o
 .debug_info    0x0000026e      0x1bf ./MCAL/MSPI/SPI_PROGRAM.o
 .debug_info    0x0000042d      0x202 ./MCAL/MI2C/I2C_PROGRAME.o
 .debug_info    0x0000062f      0x1b8 ./MCAL/MDIO/DIO_PROGRAM.o
 .debug_info    0x000007e7      0x4d3 ./HAL/HLCD/LCD_PROGRAM.o
 .debug_info    0x00000cba      0x127 ./HAL/HKEYPAD/KEYPAD_PROGRAM.o
 .debug_info    0x00000de1      0x163 ./APP/main.o
 .debug_info    0x00000f44       0xb1 c:/gharib/avr/winavr/bin/../lib/gcc/avr/4.3.3/avr5\libgcc.a(_fixunssfsi.o)
 .debug_info    0x00000ff5      0x47a c:/gharib/avr/winavr/bin/../lib/gcc/avr/4.3.3/avr5\libgcc.a(_addsub_sf.o)
 .debug_info    0x0000146f      0x485 c:/gharib/avr/winavr/bin/../lib/gcc/avr/4.3.3/avr5\libgcc.a(_mul_sf.o)
 .debug_info    0x000018f4      0x27f c:/gharib/avr/winavr/bin/../lib/gcc/avr/4.3.3/avr5\libgcc.a(_gt_sf.o)
 .debug_info    0x00001b73      0x27f c:/gharib/avr/winavr/bin/../lib/gcc/avr/4.3.3/avr5\libgcc.a(_ge_sf.o)
 .debug_info    0x00001df2      0x27f c:/gharib/avr/winavr/bin/../lib/gcc/avr/4.3.3/avr5\libgcc.a(_lt_sf.o)
 .debug_info    0x00002071      0x2b0 c:/gharib/avr/winavr/bin/../lib/gcc/avr/4.3.3/avr5\libgcc.a(_sf_to_si.o)
 .debug_info    0x00002321      0x12c c:/gharib/avr/winavr/bin/../lib/gcc/avr/4.3.3/avr5\libgcc.a(_thenan_sf.o)
 .debug_info    0x0000244d      0x2df c:/gharib/avr/winavr/bin/../lib/gcc/avr/4.3.3/avr5\libgcc.a(_pack_sf.o)
 .debug_info    0x0000272c      0x251 c:/gharib/avr/winavr/bin/../lib/gcc/avr/4.3.3/avr5\libgcc.a(_unpack_sf.o)
 .debug_info    0x0000297d      0x210 c:/gharib/avr/winavr/bin/../lib/gcc/avr/4.3.3/avr5\libgcc.a(_fpcmp_parts_sf.o)
 *(.gnu.linkonce.wi.*)

.debug_abbrev   0x00000000     0x143b
 *(.debug_abbrev)
 .debug_abbrev  0x00000000       0xdc ./MCAL/MUART/UART_PROGRAME.o
 .debug_abbrev  0x000000dc       0xbc ./MCAL/MSPI/SPI_PROGRAM.o
 .debug_abbrev  0x00000198       0x8b ./MCAL/MI2C/I2C_PROGRAME.o
 .debug_abbrev  0x00000223       0x7c ./MCAL/MDIO/DIO_PROGRAM.o
 .debug_abbrev  0x0000029f      0x146 ./HAL/HLCD/LCD_PROGRAM.o
 .debug_abbrev  0x000003e5       0xa4 ./HAL/HKEYPAD/KEYPAD_PROGRAM.o
 .debug_abbrev  0x00000489       0xc7 ./APP/main.o
 .debug_abbrev  0x00000550       0x5d c:/gharib/avr/winavr/bin/../lib/gcc/avr/4.3.3/avr5\libgcc.a(_fixunssfsi.o)
 .debug_abbrev  0x000005ad      0x1ea c:/gharib/avr/winavr/bin/../lib/gcc/avr/4.3.3/avr5\libgcc.a(_addsub_sf.o)
 .debug_abbrev  0x00000797      0x21b c:/gharib/avr/winavr/bin/../lib/gcc/avr/4.3.3/avr5\libgcc.a(_mul_sf.o)
 .debug_abbrev  0x000009b2      0x15a c:/gharib/avr/winavr/bin/../lib/gcc/avr/4.3.3/avr5\libgcc.a(_gt_sf.o)
 .debug_abbrev  0x00000b0c      0x15a c:/gharib/avr/winavr/bin/../lib/gcc/avr/4.3.3/avr5\libgcc.a(_ge_sf.o)
 .debug_abbrev  0x00000c66      0x15a c:/gharib/avr/winavr/bin/../lib/gcc/avr/4.3.3/avr5\libgcc.a(_lt_sf.o)
 .debug_abbrev  0x00000dc0      0x17f c:/gharib/avr/winavr/bin/../lib/gcc/avr/4.3.3/avr5\libgcc.a(_sf_to_si.o)
 .debug_abbrev  0x00000f3f       0xad c:/gharib/avr/winavr/bin/../lib/gcc/avr/4.3.3/avr5\libgcc.a(_thenan_sf.o)
 .debug_abbrev  0x00000fec      0x1c0 c:/gharib/avr/winavr/bin/../lib/gcc/avr/4.3.3/avr5\libgcc.a(_pack_sf.o)
 .debug_abbrev  0x000011ac      0x154 c:/gharib/avr/winavr/bin/../lib/gcc/avr/4.3.3/avr5\libgcc.a(_unpack_sf.o)
 .debug_abbrev  0x00001300      0x13b c:/gharib/avr/winavr/bin/../lib/gcc/avr/4.3.3/avr5\libgcc.a(_fpcmp_parts_sf.o)

.debug_line     0x00000000     0x27e9
 *(.debug_line)
 .debug_line    0x00000000      0x33f ./MCAL/MUART/UART_PROGRAME.o
 .debug_line    0x0000033f      0x264 ./MCAL/MSPI/SPI_PROGRAM.o
 .debug_line    0x000005a3      0x32f ./MCAL/MI2C/I2C_PROGRAME.o
 .debug_line    0x000008d2      0x337 ./MCAL/MDIO/DIO_PROGRAM.o
 .debug_line    0x00000c09      0x785 ./HAL/HLCD/LCD_PROGRAM.o
 .debug_line    0x0000138e      0x34f ./HAL/HKEYPAD/KEYPAD_PROGRAM.o
 .debug_line    0x000016dd      0x35f ./APP/main.o
 .debug_line    0x00001a3c       0xa7 c:/gharib/avr/winavr/bin/../lib/gcc/avr/4.3.3/avr5\libgcc.a(_fixunssfsi.o)
 .debug_line    0x00001ae3      0x2af c:/gharib/avr/winavr/bin/../lib/gcc/avr/4.3.3/avr5\libgcc.a(_addsub_sf.o)
 .debug_line    0x00001d92      0x239 c:/gharib/avr/winavr/bin/../lib/gcc/avr/4.3.3/avr5\libgcc.a(_mul_sf.o)
 .debug_line    0x00001fcb       0xd3 c:/gharib/avr/winavr/bin/../lib/gcc/avr/4.3.3/avr5\libgcc.a(_gt_sf.o)
 .debug_line    0x0000209e       0xd3 c:/gharib/avr/winavr/bin/../lib/gcc/avr/4.3.3/avr5\libgcc.a(_ge_sf.o)
 .debug_line    0x00002171       0xd3 c:/gharib/avr/winavr/bin/../lib/gcc/avr/4.3.3/avr5\libgcc.a(_lt_sf.o)
 .debug_line    0x00002244      0x109 c:/gharib/avr/winavr/bin/../lib/gcc/avr/4.3.3/avr5\libgcc.a(_sf_to_si.o)
 .debug_line    0x0000234d       0x90 c:/gharib/avr/winavr/bin/../lib/gcc/avr/4.3.3/avr5\libgcc.a(_thenan_sf.o)
 .debug_line    0x000023dd      0x18a c:/gharib/avr/winavr/bin/../lib/gcc/avr/4.3.3/avr5\libgcc.a(_pack_sf.o)
 .debug_line    0x00002567      0x14b c:/gharib/avr/winavr/bin/../lib/gcc/avr/4.3.3/avr5\libgcc.a(_unpack_sf.o)
 .debug_line    0x000026b2      0x137 c:/gharib/avr/winavr/bin/../lib/gcc/avr/4.3.3/avr5\libgcc.a(_fpcmp_parts_sf.o)

.debug_frame    0x00000000      0x4e0
 *(.debug_frame)
 .debug_frame   0x00000000       0xd0 ./MCAL/MUART/UART_PROGRAME.o
 .debug_frame   0x000000d0       0xb0 ./MCAL/MSPI/SPI_PROGRAM.o
 .debug_frame   0x00000180       0xc0 ./MCAL/MI2C/I2C_PROGRAME.o
 .debug_frame   0x00000240       0x60 ./MCAL/MDIO/DIO_PROGRAM.o
 .debug_frame   0x000002a0       0x90 ./HAL/HLCD/LCD_PROGRAM.o
 .debug_frame   0x00000330       0x30 ./HAL/HKEYPAD/KEYPAD_PROGRAM.o
 .debug_frame   0x00000360       0x20 ./APP/main.o
 .debug_frame   0x00000380       0x20 c:/gharib/avr/winavr/bin/../lib/gcc/avr/4.3.3/avr5\libgcc.a(_fixunssfsi.o)
 .debug_frame   0x000003a0       0x40 c:/gharib/avr/winavr/bin/../lib/gcc/avr/4.3.3/avr5\libgcc.a(_addsub_sf.o)
 .debug_frame   0x000003e0       0x20 c:/gharib/avr/winavr/bin/../lib/gcc/avr/4.3.3/avr5\libgcc.a(_mul_sf.o)
 .debug_frame   0x00000400       0x20 c:/gharib/avr/winavr/bin/../lib/gcc/avr/4.3.3/avr5\libgcc.a(_gt_sf.o)
 .debug_frame   0x00000420       0x20 c:/gharib/avr/winavr/bin/../lib/gcc/avr/4.3.3/avr5\libgcc.a(_ge_sf.o)
 .debug_frame   0x00000440       0x20 c:/gharib/avr/winavr/bin/../lib/gcc/avr/4.3.3/avr5\libgcc.a(_lt_sf.o)
 .debug_frame   0x00000460       0x20 c:/gharib/avr/winavr/bin/../lib/gcc/avr/4.3.3/avr5\libgcc.a(_sf_to_si.o)
 .debug_frame   0x00000480       0x20 c:/gharib/avr/winavr/bin/../lib/gcc/avr/4.3.3/avr5\libgcc.a(_pack_sf.o)
 .debug_frame   0x000004a0       0x20 c:/gharib/avr/winavr/bin/../lib/gcc/avr/4.3.3/avr5\libgcc.a(_unpack_sf.o)
 .debug_frame   0x000004c0       0x20 c:/gharib/avr/winavr/bin/../lib/gcc/avr/4.3.3/avr5\libgcc.a(_fpcmp_parts_sf.o)

.debug_str      0x00000000      0x9c1
 *(.debug_str)
 .debug_str     0x00000000      0x212 ./MCAL/MUART/UART_PROGRAME.o
                                0x246 (size before relaxing)
 .debug_str     0x00000212       0xec ./MCAL/MSPI/SPI_PROGRAM.o
                                0x1ef (size before relaxing)
 .debug_str     0x000002fe      0x16f ./MCAL/MI2C/I2C_PROGRAME.o
                                0x25e (size before relaxing)
 .debug_str     0x0000046d       0xff ./MCAL/MDIO/DIO_PROGRAM.o
                                0x1e2 (size before relaxing)
 .debug_str     0x0000056c      0x17c ./HAL/HLCD/LCD_PROGRAM.o
                                0x288 (size before relaxing)
 .debug_str     0x000006e8       0x7d ./HAL/HKEYPAD/KEYPAD_PROGRAM.o
                                0x16d (size before relaxing)
 .debug_str     0x00000765       0x1e ./APP/main.o
                                0x152 (size before relaxing)
 .debug_str     0x00000783       0x80 c:/gharib/avr/winavr/bin/../lib/gcc/avr/4.3.3/avr5\libgcc.a(_fixunssfsi.o)
                                 0xfe (size before relaxing)
 .debug_str     0x00000803      0x13d c:/gharib/avr/winavr/bin/../lib/gcc/avr/4.3.3/avr5\libgcc.a(_addsub_sf.o)
                                0x206 (size before relaxing)
 .debug_str     0x00000940       0x27 c:/gharib/avr/winavr/bin/../lib/gcc/avr/4.3.3/avr5\libgcc.a(_mul_sf.o)
                                0x1bf (size before relaxing)
 .debug_str     0x00000967        0xf c:/gharib/avr/winavr/bin/../lib/gcc/avr/4.3.3/avr5\libgcc.a(_gt_sf.o)
                                0x195 (size before relaxing)
 .debug_str     0x00000976        0x8 c:/gharib/avr/winavr/bin/../lib/gcc/avr/4.3.3/avr5\libgcc.a(_ge_sf.o)
                                0x195 (size before relaxing)
 .debug_str     0x0000097e        0x8 c:/gharib/avr/winavr/bin/../lib/gcc/avr/4.3.3/avr5\libgcc.a(_lt_sf.o)
                                0x195 (size before relaxing)
 .debug_str     0x00000986        0xa c:/gharib/avr/winavr/bin/../lib/gcc/avr/4.3.3/avr5\libgcc.a(_sf_to_si.o)
                                0x19e (size before relaxing)
 .debug_str     0x00000000      0x103 c:/gharib/avr/winavr/bin/../lib/gcc/avr/4.3.3/avr5\libgcc.a(_thenan_sf.o)
 .debug_str     0x00000990       0x16 c:/gharib/avr/winavr/bin/../lib/gcc/avr/4.3.3/avr5\libgcc.a(_pack_sf.o)
                                0x19d (size before relaxing)
 .debug_str     0x000009a6        0xb c:/gharib/avr/winavr/bin/../lib/gcc/avr/4.3.3/avr5\libgcc.a(_unpack_sf.o)
                                0x17f (size before relaxing)
 .debug_str     0x000009b1       0x10 c:/gharib/avr/winavr/bin/../lib/gcc/avr/4.3.3/avr5\libgcc.a(_fpcmp_parts_sf.o)
                                0x163 (size before relaxing)

.debug_loc      0x00000000      0x7ce
 *(.debug_loc)
 .debug_loc     0x00000000       0x34 c:/gharib/avr/winavr/bin/../lib/gcc/avr/4.3.3/avr5\libgcc.a(_fixunssfsi.o)
 .debug_loc     0x00000034      0x32a c:/gharib/avr/winavr/bin/../lib/gcc/avr/4.3.3/avr5\libgcc.a(_addsub_sf.o)
 .debug_loc     0x0000035e      0x104 c:/gharib/avr/winavr/bin/../lib/gcc/avr/4.3.3/avr5\libgcc.a(_mul_sf.o)
 .debug_loc     0x00000462       0x3c c:/gharib/avr/winavr/bin/../lib/gcc/avr/4.3.3/avr5\libgcc.a(_gt_sf.o)
 .debug_loc     0x0000049e       0x3c c:/gharib/avr/winavr/bin/../lib/gcc/avr/4.3.3/avr5\libgcc.a(_ge_sf.o)
 .debug_loc     0x000004da       0x3c c:/gharib/avr/winavr/bin/../lib/gcc/avr/4.3.3/avr5\libgcc.a(_lt_sf.o)
 .debug_loc     0x00000516       0x7e c:/gharib/avr/winavr/bin/../lib/gcc/avr/4.3.3/avr5\libgcc.a(_sf_to_si.o)
 .debug_loc     0x00000594      0x13e c:/gharib/avr/winavr/bin/../lib/gcc/avr/4.3.3/avr5\libgcc.a(_pack_sf.o)
 .debug_loc     0x000006d2       0xac c:/gharib/avr/winavr/bin/../lib/gcc/avr/4.3.3/avr5\libgcc.a(_unpack_sf.o)
 .debug_loc     0x0000077e       0x50 c:/gharib/avr/winavr/bin/../lib/gcc/avr/4.3.3/avr5\libgcc.a(_fpcmp_parts_sf.o)

.debug_macinfo  0x00000000     0x8e19
 *(.debug_macinfo)
 .debug_macinfo
                0x00000000      0xddd ./MCAL/MUART/UART_PROGRAME.o
 .debug_macinfo
                0x00000ddd      0xd45 ./MCAL/MSPI/SPI_PROGRAM.o
 .debug_macinfo
                0x00001b22      0xe8b ./MCAL/MI2C/I2C_PROGRAME.o
 .debug_macinfo
                0x000029ad      0xf49 ./MCAL/MDIO/DIO_PROGRAM.o
 .debug_macinfo
                0x000038f6     0x1c91 ./HAL/HLCD/LCD_PROGRAM.o
 .debug_macinfo
                0x00005587     0x1cae ./HAL/HKEYPAD/KEYPAD_PROGRAM.o
 .debug_macinfo
                0x00007235     0x1be4 ./APP/main.o
OUTPUT(AVR_Communication_Protocols.elf elf32-avr)
LOAD linker stubs

.debug_ranges   0x00000000      0x248
 .debug_ranges  0x00000000       0x70 ./MCAL/MUART/UART_PROGRAME.o
 .debug_ranges  0x00000070       0x60 ./MCAL/MSPI/SPI_PROGRAM.o
 .debug_ranges  0x000000d0       0x68 ./MCAL/MI2C/I2C_PROGRAME.o
 .debug_ranges  0x00000138       0x38 ./MCAL/MDIO/DIO_PROGRAM.o
 .debug_ranges  0x00000170       0x50 ./HAL/HLCD/LCD_PROGRAM.o
 .debug_ranges  0x000001c0       0x20 ./HAL/HKEYPAD/KEYPAD_PROGRAM.o
 .debug_ranges  0x000001e0       0x18 ./APP/main.o
 .debug_ranges  0x000001f8       0x50 c:/gharib/avr/winavr/bin/../lib/gcc/avr/4.3.3/avr5\libgcc.a(_mul_sf.o)
