Archive member included because of file (symbol)

c:/gharib/avr/winavr/bin/../lib/gcc/avr/4.3.3/avr5\libgcc.a(_udivmodhi4.o)
                              ./02-HAL/03-SSD/SSD_PROGRAM.o (__udivmodhi4)
c:/gharib/avr/winavr/bin/../lib/gcc/avr/4.3.3/avr5\libgcc.a(_divmodsi4.o)
                              ./02-HAL/04-LCD/LCD_PROGRAM.o (__divmodsi4)
c:/gharib/avr/winavr/bin/../lib/gcc/avr/4.3.3/avr5\libgcc.a(_exit.o)
                              c:/gharib/avr/winavr/bin/../lib/gcc/avr/4.3.3/../../../../avr/lib/avr5/crtm32.o (exit)
c:/gharib/avr/winavr/bin/../lib/gcc/avr/4.3.3/avr5\libgcc.a(_copy_data.o)
                              ./02-HAL/05-KEYPAD/KEYPAD_PROGRAM.o (__do_copy_data)
c:/gharib/avr/winavr/bin/../lib/gcc/avr/4.3.3/avr5\libgcc.a(_clear_bss.o)
                              ./03-MCAL/03-ADC/ADC_PROGRAM.o (__do_clear_bss)
c:/gharib/avr/winavr/bin/../lib/gcc/avr/4.3.3/avr5\libgcc.a(_fixunssfsi.o)
                              ./02-HAL/04-LCD/LCD_PROGRAM.o (__fixunssfsi)
c:/gharib/avr/winavr/bin/../lib/gcc/avr/4.3.3/avr5\libgcc.a(_addsub_sf.o)
                              c:/gharib/avr/winavr/bin/../lib/gcc/avr/4.3.3/avr5\libgcc.a(_fixunssfsi.o) (__subsf3)
c:/gharib/avr/winavr/bin/../lib/gcc/avr/4.3.3/avr5\libgcc.a(_mul_sf.o)
                              ./02-HAL/04-LCD/LCD_PROGRAM.o (__mulsf3)
c:/gharib/avr/winavr/bin/../lib/gcc/avr/4.3.3/avr5\libgcc.a(_gt_sf.o)
                              ./02-HAL/04-LCD/LCD_PROGRAM.o (__gtsf2)
c:/gharib/avr/winavr/bin/../lib/gcc/avr/4.3.3/avr5\libgcc.a(_ge_sf.o)
                              c:/gharib/avr/winavr/bin/../lib/gcc/avr/4.3.3/avr5\libgcc.a(_fixunssfsi.o) (__gesf2)
c:/gharib/avr/winavr/bin/../lib/gcc/avr/4.3.3/avr5\libgcc.a(_lt_sf.o)
                              ./02-HAL/04-LCD/LCD_PROGRAM.o (__ltsf2)
c:/gharib/avr/winavr/bin/../lib/gcc/avr/4.3.3/avr5\libgcc.a(_sf_to_si.o)
                              c:/gharib/avr/winavr/bin/../lib/gcc/avr/4.3.3/avr5\libgcc.a(_fixunssfsi.o) (__fixsfsi)
c:/gharib/avr/winavr/bin/../lib/gcc/avr/4.3.3/avr5\libgcc.a(_thenan_sf.o)
                              c:/gharib/avr/winavr/bin/../lib/gcc/avr/4.3.3/avr5\libgcc.a(_addsub_sf.o) (__thenan_sf)
c:/gharib/avr/winavr/bin/../lib/gcc/avr/4.3.3/avr5\libgcc.a(_udivmodsi4.o)
                              c:/gharib/avr/winavr/bin/../lib/gcc/avr/4.3.3/avr5\libgcc.a(_divmodsi4.o) (__udivmodsi4)
c:/gharib/avr/winavr/bin/../lib/gcc/avr/4.3.3/avr5\libgcc.a(_prologue.o)
                              c:/gharib/avr/winavr/bin/../lib/gcc/avr/4.3.3/avr5\libgcc.a(_addsub_sf.o) (__prologue_saves__)
c:/gharib/avr/winavr/bin/../lib/gcc/avr/4.3.3/avr5\libgcc.a(_epilogue.o)
                              c:/gharib/avr/winavr/bin/../lib/gcc/avr/4.3.3/avr5\libgcc.a(_addsub_sf.o) (__epilogue_restores__)
c:/gharib/avr/winavr/bin/../lib/gcc/avr/4.3.3/avr5\libgcc.a(_pack_sf.o)
                              c:/gharib/avr/winavr/bin/../lib/gcc/avr/4.3.3/avr5\libgcc.a(_addsub_sf.o) (__pack_f)
c:/gharib/avr/winavr/bin/../lib/gcc/avr/4.3.3/avr5\libgcc.a(_unpack_sf.o)
                              c:/gharib/avr/winavr/bin/../lib/gcc/avr/4.3.3/avr5\libgcc.a(_addsub_sf.o) (__unpack_f)
c:/gharib/avr/winavr/bin/../lib/gcc/avr/4.3.3/avr5\libgcc.a(_fpcmp_parts_sf.o)
                              c:/gharib/avr/winavr/bin/../lib/gcc/avr/4.3.3/avr5\libgcc.a(_gt_sf.o) (__fpcmp_parts_f)

Allocating common symbols
Common symbol       size              file

DIGITS_t            0x1               ./02-HAL/03-SSD/SSD_PROGRAM.o
EXT_INT_2_CALL_BACK
                    0x2               ./03-MCAL/02-EXT_INT/EXTI_PROGRAM.o
LED_t               0x1               ./02-HAL/01-LED/LED_PROGRAM.o
SWITCH_t            0x1               ./02-HAL/02-DIP_SWITCH/DIP_PROGRAM.o
EXT_INT_0_CALL_BACK
                    0x2               ./03-MCAL/02-EXT_INT/EXTI_PROGRAM.o
EXT_INT_1_CALL_BACK
                    0x2               ./03-MCAL/02-EXT_INT/EXTI_PROGRAM.o
Adc_Int_CALL_BACK   0x2               ./03-MCAL/03-ADC/ADC_PROGRAM.o

Memory Configuration

Name             Origin             Length             Attributes
text             0x00000000         0x00020000         xr
data             0x00800060         0x0000ffa0         rw !x
eeprom           0x00810000         0x00010000         rw !x
fuse             0x00820000         0x00000400         rw !x
lock             0x00830000         0x00000400         rw !x
signature        0x00840000         0x00000400         rw !x
*default*        0x00000000         0xffffffff

Linker script and memory map

LOAD c:/gharib/avr/winavr/bin/../lib/gcc/avr/4.3.3/../../../../avr/lib/avr5/crtm32.o
LOAD ./03-MCAL/03-ADC/ADC_PROGRAM.o
LOAD ./03-MCAL/02-EXT_INT/EXTI_PROGRAM.o
LOAD ./03-MCAL/01-DIO/DIO_PROGRAM.o
LOAD ./02-HAL/05-KEYPAD/KEYPAD_PROGRAM.o
LOAD ./02-HAL/04-LCD/LCD_PROGRAM.o
LOAD ./02-HAL/03-SSD/SSD_PROGRAM.o
LOAD ./02-HAL/02-DIP_SWITCH/DIP_PROGRAM.o
LOAD ./02-HAL/01-LED/LED_PROGRAM.o
LOAD ./01-APP/main.o
LOAD c:/gharib/avr/winavr/bin/../lib/gcc/avr/4.3.3/avr5\libgcc.a
LOAD c:/gharib/avr/winavr/bin/../lib/gcc/avr/4.3.3/../../../../avr/lib/avr5\libc.a
LOAD c:/gharib/avr/winavr/bin/../lib/gcc/avr/4.3.3/avr5\libgcc.a

.hash
 *(.hash)

.dynsym
 *(.dynsym)

.dynstr
 *(.dynstr)

.gnu.version
 *(.gnu.version)

.gnu.version_d
 *(.gnu.version_d)

.gnu.version_r
 *(.gnu.version_r)

.rel.init
 *(.rel.init)

.rela.init
 *(.rela.init)

.rel.text
 *(.rel.text)
 *(.rel.text.*)
 *(.rel.gnu.linkonce.t*)

.rela.text
 *(.rela.text)
 *(.rela.text.*)
 *(.rela.gnu.linkonce.t*)

.rel.fini
 *(.rel.fini)

.rela.fini
 *(.rela.fini)

.rel.rodata
 *(.rel.rodata)
 *(.rel.rodata.*)
 *(.rel.gnu.linkonce.r*)

.rela.rodata
 *(.rela.rodata)
 *(.rela.rodata.*)
 *(.rela.gnu.linkonce.r*)

.rel.data
 *(.rel.data)
 *(.rel.data.*)
 *(.rel.gnu.linkonce.d*)

.rela.data
 *(.rela.data)
 *(.rela.data.*)
 *(.rela.gnu.linkonce.d*)

.rel.ctors
 *(.rel.ctors)

.rela.ctors
 *(.rela.ctors)

.rel.dtors
 *(.rel.dtors)

.rela.dtors
 *(.rela.dtors)

.rel.got
 *(.rel.got)

.rela.got
 *(.rela.got)

.rel.bss
 *(.rel.bss)

.rela.bss
 *(.rela.bss)

.rel.plt
 *(.rel.plt)

.rela.plt
 *(.rela.plt)

.text           0x00000000     0x35d0
 *(.vectors)
 .vectors       0x00000000       0x54 c:/gharib/avr/winavr/bin/../lib/gcc/avr/4.3.3/../../../../avr/lib/avr5/crtm32.o
                0x00000000                __vectors
                0x00000000                __vector_default
 *(.vectors)
 *(.progmem.gcc*)
 *(.progmem*)
                0x00000054                . = ALIGN (0x2)
                0x00000054                __trampolines_start = .
 *(.trampolines)
 .trampolines   0x00000054        0x0 linker stubs
 *(.trampolines*)
                0x00000054                __trampolines_end = .
 *(.jumptables)
 *(.jumptables*)
 *(.lowtext)
 *(.lowtext*)
                0x00000054                __ctors_start = .
 *(.ctors)
                0x00000054                __ctors_end = .
                0x00000054                __dtors_start = .
 *(.dtors)
                0x00000054                __dtors_end = .
 SORT(*)(.ctors)
 SORT(*)(.dtors)
 *(.init0)
 .init0         0x00000054        0x0 c:/gharib/avr/winavr/bin/../lib/gcc/avr/4.3.3/../../../../avr/lib/avr5/crtm32.o
                0x00000054                __init
 *(.init0)
 *(.init1)
 *(.init1)
 *(.init2)
 .init2         0x00000054        0xc c:/gharib/avr/winavr/bin/../lib/gcc/avr/4.3.3/../../../../avr/lib/avr5/crtm32.o
 *(.init2)
 *(.init3)
 *(.init3)
 *(.init4)
 .init4         0x00000060       0x16 c:/gharib/avr/winavr/bin/../lib/gcc/avr/4.3.3/avr5\libgcc.a(_copy_data.o)
                0x00000060                __do_copy_data
 .init4         0x00000076       0x10 c:/gharib/avr/winavr/bin/../lib/gcc/avr/4.3.3/avr5\libgcc.a(_clear_bss.o)
                0x00000076                __do_clear_bss
 *(.init4)
 *(.init5)
 *(.init5)
 *(.init6)
 *(.init6)
 *(.init7)
 *(.init7)
 *(.init8)
 *(.init8)
 *(.init9)
 .init9         0x00000086        0x8 c:/gharib/avr/winavr/bin/../lib/gcc/avr/4.3.3/../../../../avr/lib/avr5/crtm32.o
 *(.init9)
 *(.text)
 .text          0x0000008e        0x4 c:/gharib/avr/winavr/bin/../lib/gcc/avr/4.3.3/../../../../avr/lib/avr5/crtm32.o
                0x0000008e                __vector_12
                0x0000008e                __bad_interrupt
                0x0000008e                __vector_6
                0x0000008e                __vector_11
                0x0000008e                __vector_13
                0x0000008e                __vector_17
                0x0000008e                __vector_19
                0x0000008e                __vector_7
                0x0000008e                __vector_5
                0x0000008e                __vector_4
                0x0000008e                __vector_9
                0x0000008e                __vector_15
                0x0000008e                __vector_8
                0x0000008e                __vector_14
                0x0000008e                __vector_10
                0x0000008e                __vector_18
                0x0000008e                __vector_20
 .text          0x00000092        0x0 ./03-MCAL/03-ADC/ADC_PROGRAM.o
 .text          0x00000092        0x0 ./03-MCAL/02-EXT_INT/EXTI_PROGRAM.o
 .text          0x00000092        0x0 ./03-MCAL/01-DIO/DIO_PROGRAM.o
 .text          0x00000092        0x0 ./02-HAL/05-KEYPAD/KEYPAD_PROGRAM.o
 .text          0x00000092        0x0 ./02-HAL/04-LCD/LCD_PROGRAM.o
 .text          0x00000092        0x0 ./02-HAL/03-SSD/SSD_PROGRAM.o
 .text          0x00000092        0x0 ./02-HAL/02-DIP_SWITCH/DIP_PROGRAM.o
 .text          0x00000092        0x0 ./02-HAL/01-LED/LED_PROGRAM.o
 .text          0x00000092        0x0 ./01-APP/main.o
 .text          0x00000092        0x0 c:/gharib/avr/winavr/bin/../lib/gcc/avr/4.3.3/avr5\libgcc.a(_udivmodhi4.o)
 .text          0x00000092        0x0 c:/gharib/avr/winavr/bin/../lib/gcc/avr/4.3.3/avr5\libgcc.a(_divmodsi4.o)
 .text          0x00000092        0x0 c:/gharib/avr/winavr/bin/../lib/gcc/avr/4.3.3/avr5\libgcc.a(_exit.o)
 .text          0x00000092        0x0 c:/gharib/avr/winavr/bin/../lib/gcc/avr/4.3.3/avr5\libgcc.a(_copy_data.o)
 .text          0x00000092        0x0 c:/gharib/avr/winavr/bin/../lib/gcc/avr/4.3.3/avr5\libgcc.a(_clear_bss.o)
 .text          0x00000092       0x58 c:/gharib/avr/winavr/bin/../lib/gcc/avr/4.3.3/avr5\libgcc.a(_fixunssfsi.o)
                0x00000092                __fixunssfsi
 .text          0x000000ea      0x354 c:/gharib/avr/winavr/bin/../lib/gcc/avr/4.3.3/avr5\libgcc.a(_addsub_sf.o)
                0x00000382                __subsf3
                0x000003e4                __addsf3
 .text          0x0000043e      0x1f4 c:/gharib/avr/winavr/bin/../lib/gcc/avr/4.3.3/avr5\libgcc.a(_mul_sf.o)
                0x0000043e                __mulsf3
 .text          0x00000632       0x60 c:/gharib/avr/winavr/bin/../lib/gcc/avr/4.3.3/avr5\libgcc.a(_gt_sf.o)
                0x00000632                __gtsf2
 .text          0x00000692       0x60 c:/gharib/avr/winavr/bin/../lib/gcc/avr/4.3.3/avr5\libgcc.a(_ge_sf.o)
                0x00000692                __gesf2
 .text          0x000006f2       0x60 c:/gharib/avr/winavr/bin/../lib/gcc/avr/4.3.3/avr5\libgcc.a(_lt_sf.o)
                0x000006f2                __ltsf2
 .text          0x00000752       0xa8 c:/gharib/avr/winavr/bin/../lib/gcc/avr/4.3.3/avr5\libgcc.a(_sf_to_si.o)
                0x00000752                __fixsfsi
 .text          0x000007fa        0x0 c:/gharib/avr/winavr/bin/../lib/gcc/avr/4.3.3/avr5\libgcc.a(_thenan_sf.o)
 .text          0x000007fa        0x0 c:/gharib/avr/winavr/bin/../lib/gcc/avr/4.3.3/avr5\libgcc.a(_udivmodsi4.o)
 .text          0x000007fa        0x0 c:/gharib/avr/winavr/bin/../lib/gcc/avr/4.3.3/avr5\libgcc.a(_prologue.o)
 .text          0x000007fa        0x0 c:/gharib/avr/winavr/bin/../lib/gcc/avr/4.3.3/avr5\libgcc.a(_epilogue.o)
 .text          0x000007fa      0x1aa c:/gharib/avr/winavr/bin/../lib/gcc/avr/4.3.3/avr5\libgcc.a(_pack_sf.o)
                0x000007fa                __pack_f
 .text          0x000009a4       0xf0 c:/gharib/avr/winavr/bin/../lib/gcc/avr/4.3.3/avr5\libgcc.a(_unpack_sf.o)
                0x000009a4                __unpack_f
 .text          0x00000a94       0xb2 c:/gharib/avr/winavr/bin/../lib/gcc/avr/4.3.3/avr5\libgcc.a(_fpcmp_parts_sf.o)
                0x00000a94                __fpcmp_parts_f
                0x00000b46                . = ALIGN (0x2)
 *(.text.*)
 .text.MADC_voidInit
                0x00000b46       0x42 ./03-MCAL/03-ADC/ADC_PROGRAM.o
                0x00000b46                MADC_voidInit
 .text.MADC_u16GetDigitalValue
                0x00000b88       0x16 ./03-MCAL/03-ADC/ADC_PROGRAM.o
                0x00000b88                MADC_u16GetDigitalValue
 .text.MADC_voidAdcStartConversion
                0x00000b9e       0x3e ./03-MCAL/03-ADC/ADC_PROGRAM.o
                0x00000b9e                MADC_voidAdcStartConversion
 .text.MADC_voidAdcIntEnable
                0x00000bdc       0x26 ./03-MCAL/03-ADC/ADC_PROGRAM.o
                0x00000bdc                MADC_voidAdcIntEnable
 .text.MADC_voidAdcIntDisable
                0x00000c02       0x26 ./03-MCAL/03-ADC/ADC_PROGRAM.o
                0x00000c02                MADC_voidAdcIntDisable
 .text.MADC_Adc_SET_CALL_BACK
                0x00000c28       0x24 ./03-MCAL/03-ADC/ADC_PROGRAM.o
                0x00000c28                MADC_Adc_SET_CALL_BACK
 .text.__vector_16
                0x00000c4c       0x5a ./03-MCAL/03-ADC/ADC_PROGRAM.o
                0x00000c4c                __vector_16
 .text.MEXTI_voidEXTIEnable
                0x00000ca6      0x236 ./03-MCAL/02-EXT_INT/EXTI_PROGRAM.o
                0x00000ca6                MEXTI_voidEXTIEnable
 .text.MEXTI_voidEXTIDisable
                0x00000edc       0x7c ./03-MCAL/02-EXT_INT/EXTI_PROGRAM.o
                0x00000edc                MEXTI_voidEXTIDisable
 .text.EXT_INT_0_SET_CALL_BACK
                0x00000f58       0x24 ./03-MCAL/02-EXT_INT/EXTI_PROGRAM.o
                0x00000f58                EXT_INT_0_SET_CALL_BACK
 .text.__vector_1
                0x00000f7c       0x5a ./03-MCAL/02-EXT_INT/EXTI_PROGRAM.o
                0x00000f7c                __vector_1
 .text.EXT_INT_1_SET_CALL_BACK
                0x00000fd6       0x24 ./03-MCAL/02-EXT_INT/EXTI_PROGRAM.o
                0x00000fd6                EXT_INT_1_SET_CALL_BACK
 .text.__vector_2
                0x00000ffa       0x5a ./03-MCAL/02-EXT_INT/EXTI_PROGRAM.o
                0x00000ffa                __vector_2
 .text.EXT_INT_2_SET_CALL_BACK
                0x00001054       0x24 ./03-MCAL/02-EXT_INT/EXTI_PROGRAM.o
                0x00001054                EXT_INT_2_SET_CALL_BACK
 .text.__vector_3
                0x00001078       0x5a ./03-MCAL/02-EXT_INT/EXTI_PROGRAM.o
                0x00001078                __vector_3
 .text.MDIO_voidSetPinDirection
                0x000010d2      0x1e4 ./03-MCAL/01-DIO/DIO_PROGRAM.o
                0x000010d2                MDIO_voidSetPinDirection
 .text.MDIO_voidSetPinValue
                0x000012b6      0x1e4 ./03-MCAL/01-DIO/DIO_PROGRAM.o
                0x000012b6                MDIO_voidSetPinValue
 .text.MDIO_voidSetPortDirection
                0x0000149a       0x82 ./03-MCAL/01-DIO/DIO_PROGRAM.o
                0x0000149a                MDIO_voidSetPortDirection
 .text.MDIO_voidSetPortValue
                0x0000151c       0x82 ./03-MCAL/01-DIO/DIO_PROGRAM.o
                0x0000151c                MDIO_voidSetPortValue
 .text.MDIO_u8GetPinValue
                0x0000159e       0xf2 ./03-MCAL/01-DIO/DIO_PROGRAM.o
                0x0000159e                MDIO_u8GetPinValue
 .text.HKEYPAD_voidInit
                0x00001690       0xb6 ./02-HAL/05-KEYPAD/KEYPAD_PROGRAM.o
                0x00001690                HKEYPAD_voidInit
 .text.HKEYPAD_u8GetPressedKey
                0x00001746       0xda ./02-HAL/05-KEYPAD/KEYPAD_PROGRAM.o
                0x00001746                HKEYPAD_u8GetPressedKey
 .text.HLCD_voidInit
                0x00001820      0x170 ./02-HAL/04-LCD/LCD_PROGRAM.o
                0x00001820                HLCD_voidInit
 .text.HLCD_voidSendCommand
                0x00001990      0x3a8 ./02-HAL/04-LCD/LCD_PROGRAM.o
                0x00001990                HLCD_voidSendCommand
 .text.HLCD_voidSendData
                0x00001d38      0x3a8 ./02-HAL/04-LCD/LCD_PROGRAM.o
                0x00001d38                HLCD_voidSendData
 .text.HLCD_voidClearDisplay
                0x000020e0       0x14 ./02-HAL/04-LCD/LCD_PROGRAM.o
                0x000020e0                HLCD_voidClearDisplay
 .text.HLCD_voidSendString
                0x000020f4       0x38 ./02-HAL/04-LCD/LCD_PROGRAM.o
                0x000020f4                HLCD_voidSendString
 .text.HLCD_voidGoToPosition
                0x0000212c       0x4e ./02-HAL/04-LCD/LCD_PROGRAM.o
                0x0000212c                HLCD_voidGoToPosition
 .text.HLCD_voidDisplayNumber
                0x0000217a      0x110 ./02-HAL/04-LCD/LCD_PROGRAM.o
                0x0000217a                HLCD_voidDisplayNumber
 .text.HLCD_voidDisplaySpecialChar
                0x0000228a       0x90 ./02-HAL/04-LCD/LCD_PROGRAM.o
                0x0000228a                HLCD_voidDisplaySpecialChar
 .text.HSSD_voidInitSSD
                0x0000231a       0x5e ./02-HAL/03-SSD/SSD_PROGRAM.o
                0x0000231a                HSSD_voidInitSSD
 .text.HSSD_voidDisplayDigitSSD
                0x00002378      0xa2e ./02-HAL/03-SSD/SSD_PROGRAM.o
                0x00002378                HSSD_voidDisplayDigitSSD
 .text.HSSD_voidDisplaySSD
                0x00002da6      0x46e ./02-HAL/03-SSD/SSD_PROGRAM.o
                0x00002da6                HSSD_voidDisplaySSD
 .text.HSSD_voidCountDownSSD
                0x00003214       0x42 ./02-HAL/03-SSD/SSD_PROGRAM.o
                0x00003214                HSSD_voidCountDownSSD
 .text.HSSD_voidCountUpSSD
                0x00003256       0x52 ./02-HAL/03-SSD/SSD_PROGRAM.o
                0x00003256                HSSD_voidCountUpSSD
 .text.HSWITCH_voidInit
                0x000032a8       0x36 ./02-HAL/02-DIP_SWITCH/DIP_PROGRAM.o
                0x000032a8                HSWITCH_voidInit
 .text.HDIP_u8GetPressedKey
                0x000032de       0x8e ./02-HAL/02-DIP_SWITCH/DIP_PROGRAM.o
                0x000032de                HDIP_u8GetPressedKey
 .text.HLED_voidInit
                0x0000336c       0x36 ./02-HAL/01-LED/LED_PROGRAM.o
                0x0000336c                HLED_voidInit
 .text.HLED_voidTurnOn
                0x000033a2       0x88 ./02-HAL/01-LED/LED_PROGRAM.o
                0x000033a2                HLED_voidTurnOn
 .text.HLED_voidTurnOff
                0x0000342a       0x88 ./02-HAL/01-LED/LED_PROGRAM.o
                0x0000342a                HLED_voidTurnOff
 .text.main     0x000034b2        0xa ./01-APP/main.o
                0x000034b2                main
 .text.libgcc   0x000034bc       0x28 c:/gharib/avr/winavr/bin/../lib/gcc/avr/4.3.3/avr5\libgcc.a(_udivmodhi4.o)
                0x000034bc                __udivmodhi4
 .text.libgcc   0x000034e4       0x36 c:/gharib/avr/winavr/bin/../lib/gcc/avr/4.3.3/avr5\libgcc.a(_divmodsi4.o)
                0x000034e4                __divmodsi4
 .text.libgcc   0x0000351a        0x0 c:/gharib/avr/winavr/bin/../lib/gcc/avr/4.3.3/avr5\libgcc.a(_exit.o)
 .text.libgcc   0x0000351a        0x0 c:/gharib/avr/winavr/bin/../lib/gcc/avr/4.3.3/avr5\libgcc.a(_copy_data.o)
 .text.libgcc   0x0000351a        0x0 c:/gharib/avr/winavr/bin/../lib/gcc/avr/4.3.3/avr5\libgcc.a(_clear_bss.o)
 .text.libgcc   0x0000351a       0x44 c:/gharib/avr/winavr/bin/../lib/gcc/avr/4.3.3/avr5\libgcc.a(_udivmodsi4.o)
                0x0000351a                __udivmodsi4
 .text.libgcc   0x0000355e       0x38 c:/gharib/avr/winavr/bin/../lib/gcc/avr/4.3.3/avr5\libgcc.a(_prologue.o)
                0x0000355e                __prologue_saves__
 .text.libgcc   0x00003596       0x36 c:/gharib/avr/winavr/bin/../lib/gcc/avr/4.3.3/avr5\libgcc.a(_epilogue.o)
                0x00003596                __epilogue_restores__
                0x000035cc                . = ALIGN (0x2)
 *(.fini9)
 .fini9         0x000035cc        0x0 c:/gharib/avr/winavr/bin/../lib/gcc/avr/4.3.3/avr5\libgcc.a(_exit.o)
                0x000035cc                exit
                0x000035cc                _exit
 *(.fini9)
 *(.fini8)
 *(.fini8)
 *(.fini7)
 *(.fini7)
 *(.fini6)
 *(.fini6)
 *(.fini5)
 *(.fini5)
 *(.fini4)
 *(.fini4)
 *(.fini3)
 *(.fini3)
 *(.fini2)
 *(.fini2)
 *(.fini1)
 *(.fini1)
 *(.fini0)
 .fini0         0x000035cc        0x4 c:/gharib/avr/winavr/bin/../lib/gcc/avr/4.3.3/avr5\libgcc.a(_exit.o)
 *(.fini0)
                0x000035d0                _etext = .

.data           0x00800060       0x20 load address 0x000035d0
                0x00800060                PROVIDE (__data_start, .)
 *(.data)
 .data          0x00800060        0x0 c:/gharib/avr/winavr/bin/../lib/gcc/avr/4.3.3/../../../../avr/lib/avr5/crtm32.o
 .data          0x00800060        0x0 ./03-MCAL/03-ADC/ADC_PROGRAM.o
 .data          0x00800060        0x0 ./03-MCAL/02-EXT_INT/EXTI_PROGRAM.o
 .data          0x00800060        0x0 ./03-MCAL/01-DIO/DIO_PROGRAM.o
 .data          0x00800060        0x0 ./02-HAL/05-KEYPAD/KEYPAD_PROGRAM.o
 .data          0x00800060        0x0 ./02-HAL/04-LCD/LCD_PROGRAM.o
 .data          0x00800060        0x0 ./02-HAL/03-SSD/SSD_PROGRAM.o
 .data          0x00800060        0x0 ./02-HAL/02-DIP_SWITCH/DIP_PROGRAM.o
 .data          0x00800060        0x0 ./02-HAL/01-LED/LED_PROGRAM.o
 .data          0x00800060        0x0 ./01-APP/main.o
 .data          0x00800060        0x0 c:/gharib/avr/winavr/bin/../lib/gcc/avr/4.3.3/avr5\libgcc.a(_udivmodhi4.o)
 .data          0x00800060        0x0 c:/gharib/avr/winavr/bin/../lib/gcc/avr/4.3.3/avr5\libgcc.a(_divmodsi4.o)
 .data          0x00800060        0x0 c:/gharib/avr/winavr/bin/../lib/gcc/avr/4.3.3/avr5\libgcc.a(_exit.o)
 .data          0x00800060        0x0 c:/gharib/avr/winavr/bin/../lib/gcc/avr/4.3.3/avr5\libgcc.a(_copy_data.o)
 .data          0x00800060        0x0 c:/gharib/avr/winavr/bin/../lib/gcc/avr/4.3.3/avr5\libgcc.a(_clear_bss.o)
 .data          0x00800060        0x0 c:/gharib/avr/winavr/bin/../lib/gcc/avr/4.3.3/avr5\libgcc.a(_fixunssfsi.o)
 .data          0x00800060        0x0 c:/gharib/avr/winavr/bin/../lib/gcc/avr/4.3.3/avr5\libgcc.a(_addsub_sf.o)
 .data          0x00800060        0x0 c:/gharib/avr/winavr/bin/../lib/gcc/avr/4.3.3/avr5\libgcc.a(_mul_sf.o)
 .data          0x00800060        0x0 c:/gharib/avr/winavr/bin/../lib/gcc/avr/4.3.3/avr5\libgcc.a(_gt_sf.o)
 .data          0x00800060        0x0 c:/gharib/avr/winavr/bin/../lib/gcc/avr/4.3.3/avr5\libgcc.a(_ge_sf.o)
 .data          0x00800060        0x0 c:/gharib/avr/winavr/bin/../lib/gcc/avr/4.3.3/avr5\libgcc.a(_lt_sf.o)
 .data          0x00800060        0x0 c:/gharib/avr/winavr/bin/../lib/gcc/avr/4.3.3/avr5\libgcc.a(_sf_to_si.o)
 .data          0x00800060        0x8 c:/gharib/avr/winavr/bin/../lib/gcc/avr/4.3.3/avr5\libgcc.a(_thenan_sf.o)
                0x00800060                __thenan_sf
 .data          0x00800068        0x0 c:/gharib/avr/winavr/bin/../lib/gcc/avr/4.3.3/avr5\libgcc.a(_udivmodsi4.o)
 .data          0x00800068        0x0 c:/gharib/avr/winavr/bin/../lib/gcc/avr/4.3.3/avr5\libgcc.a(_prologue.o)
 .data          0x00800068        0x0 c:/gharib/avr/winavr/bin/../lib/gcc/avr/4.3.3/avr5\libgcc.a(_epilogue.o)
 .data          0x00800068        0x0 c:/gharib/avr/winavr/bin/../lib/gcc/avr/4.3.3/avr5\libgcc.a(_pack_sf.o)
 .data          0x00800068        0x0 c:/gharib/avr/winavr/bin/../lib/gcc/avr/4.3.3/avr5\libgcc.a(_unpack_sf.o)
 .data          0x00800068        0x0 c:/gharib/avr/winavr/bin/../lib/gcc/avr/4.3.3/avr5\libgcc.a(_fpcmp_parts_sf.o)
 *(.data*)
 .data.arr      0x00800068       0x10 ./02-HAL/05-KEYPAD/KEYPAD_PROGRAM.o
                0x00800068                arr
 .data.KeypadCol
                0x00800078        0x4 ./02-HAL/05-KEYPAD/KEYPAD_PROGRAM.o
                0x00800078                KeypadCol
 .data.KeypadRow
                0x0080007c        0x4 ./02-HAL/05-KEYPAD/KEYPAD_PROGRAM.o
                0x0080007c                KeypadRow
 *(.rodata)
 *(.rodata*)
 *(.gnu.linkonce.d*)
                0x00800080                . = ALIGN (0x2)
                0x00800080                _edata = .
                0x00800080                PROVIDE (__data_end, .)

.bss            0x00800080        0xb
                0x00800080                PROVIDE (__bss_start, .)
 *(.bss)
 .bss           0x00800080        0x0 c:/gharib/avr/winavr/bin/../lib/gcc/avr/4.3.3/../../../../avr/lib/avr5/crtm32.o
 .bss           0x00800080        0x0 ./03-MCAL/03-ADC/ADC_PROGRAM.o
 .bss           0x00800080        0x0 ./03-MCAL/02-EXT_INT/EXTI_PROGRAM.o
 .bss           0x00800080        0x0 ./03-MCAL/01-DIO/DIO_PROGRAM.o
 .bss           0x00800080        0x0 ./02-HAL/05-KEYPAD/KEYPAD_PROGRAM.o
 .bss           0x00800080        0x0 ./02-HAL/04-LCD/LCD_PROGRAM.o
 .bss           0x00800080        0x0 ./02-HAL/03-SSD/SSD_PROGRAM.o
 .bss           0x00800080        0x0 ./02-HAL/02-DIP_SWITCH/DIP_PROGRAM.o
 .bss           0x00800080        0x0 ./02-HAL/01-LED/LED_PROGRAM.o
 .bss           0x00800080        0x0 ./01-APP/main.o
 .bss           0x00800080        0x0 c:/gharib/avr/winavr/bin/../lib/gcc/avr/4.3.3/avr5\libgcc.a(_udivmodhi4.o)
 .bss           0x00800080        0x0 c:/gharib/avr/winavr/bin/../lib/gcc/avr/4.3.3/avr5\libgcc.a(_divmodsi4.o)
 .bss           0x00800080        0x0 c:/gharib/avr/winavr/bin/../lib/gcc/avr/4.3.3/avr5\libgcc.a(_exit.o)
 .bss           0x00800080        0x0 c:/gharib/avr/winavr/bin/../lib/gcc/avr/4.3.3/avr5\libgcc.a(_copy_data.o)
 .bss           0x00800080        0x0 c:/gharib/avr/winavr/bin/../lib/gcc/avr/4.3.3/avr5\libgcc.a(_clear_bss.o)
 .bss           0x00800080        0x0 c:/gharib/avr/winavr/bin/../lib/gcc/avr/4.3.3/avr5\libgcc.a(_fixunssfsi.o)
 .bss           0x00800080        0x0 c:/gharib/avr/winavr/bin/../lib/gcc/avr/4.3.3/avr5\libgcc.a(_addsub_sf.o)
 .bss           0x00800080        0x0 c:/gharib/avr/winavr/bin/../lib/gcc/avr/4.3.3/avr5\libgcc.a(_mul_sf.o)
 .bss           0x00800080        0x0 c:/gharib/avr/winavr/bin/../lib/gcc/avr/4.3.3/avr5\libgcc.a(_gt_sf.o)
 .bss           0x00800080        0x0 c:/gharib/avr/winavr/bin/../lib/gcc/avr/4.3.3/avr5\libgcc.a(_ge_sf.o)
 .bss           0x00800080        0x0 c:/gharib/avr/winavr/bin/../lib/gcc/avr/4.3.3/avr5\libgcc.a(_lt_sf.o)
 .bss           0x00800080        0x0 c:/gharib/avr/winavr/bin/../lib/gcc/avr/4.3.3/avr5\libgcc.a(_sf_to_si.o)
 .bss           0x00800080        0x0 c:/gharib/avr/winavr/bin/../lib/gcc/avr/4.3.3/avr5\libgcc.a(_thenan_sf.o)
 .bss           0x00800080        0x0 c:/gharib/avr/winavr/bin/../lib/gcc/avr/4.3.3/avr5\libgcc.a(_udivmodsi4.o)
 .bss           0x00800080        0x0 c:/gharib/avr/winavr/bin/../lib/gcc/avr/4.3.3/avr5\libgcc.a(_prologue.o)
 .bss           0x00800080        0x0 c:/gharib/avr/winavr/bin/../lib/gcc/avr/4.3.3/avr5\libgcc.a(_epilogue.o)
 .bss           0x00800080        0x0 c:/gharib/avr/winavr/bin/../lib/gcc/avr/4.3.3/avr5\libgcc.a(_pack_sf.o)
 .bss           0x00800080        0x0 c:/gharib/avr/winavr/bin/../lib/gcc/avr/4.3.3/avr5\libgcc.a(_unpack_sf.o)
 .bss           0x00800080        0x0 c:/gharib/avr/winavr/bin/../lib/gcc/avr/4.3.3/avr5\libgcc.a(_fpcmp_parts_sf.o)
 *(.bss*)
 *(COMMON)
 COMMON         0x00800080        0x2 ./03-MCAL/03-ADC/ADC_PROGRAM.o
                0x00800080                Adc_Int_CALL_BACK
 COMMON         0x00800082        0x6 ./03-MCAL/02-EXT_INT/EXTI_PROGRAM.o
                0x00800082                EXT_INT_2_CALL_BACK
                0x00800084                EXT_INT_0_CALL_BACK
                0x00800086                EXT_INT_1_CALL_BACK
 COMMON         0x00800088        0x1 ./02-HAL/03-SSD/SSD_PROGRAM.o
                0x00800088                DIGITS_t
 COMMON         0x00800089        0x1 ./02-HAL/02-DIP_SWITCH/DIP_PROGRAM.o
                0x00800089                SWITCH_t
 COMMON         0x0080008a        0x1 ./02-HAL/01-LED/LED_PROGRAM.o
                0x0080008a                LED_t
                0x0080008b                PROVIDE (__bss_end, .)
                0x000035d0                __data_load_start = LOADADDR (.data)
                0x000035f0                __data_load_end = (__data_load_start + SIZEOF (.data))

.noinit         0x0080008b        0x0
                0x0080008b                PROVIDE (__noinit_start, .)
 *(.noinit*)
                0x0080008b                PROVIDE (__noinit_end, .)
                0x0080008b                _end = .
                0x0080008b                PROVIDE (__heap_start, .)

.eeprom         0x00810000        0x0
 *(.eeprom*)
                0x00810000                __eeprom_end = .

.fuse
 *(.fuse)
 *(.lfuse)
 *(.hfuse)
 *(.efuse)

.lock
 *(.lock*)

.signature
 *(.signature*)

.stab           0x00000000     0x36c0
 *(.stab)
 .stab          0x00000000      0x54c ./03-MCAL/03-ADC/ADC_PROGRAM.o
 .stab          0x0000054c      0x4bc ./03-MCAL/02-EXT_INT/EXTI_PROGRAM.o
                                0x4c8 (size before relaxing)
 .stab          0x00000a08      0x534 ./03-MCAL/01-DIO/DIO_PROGRAM.o
                                0x540 (size before relaxing)
 .stab          0x00000f3c      0x39c ./02-HAL/05-KEYPAD/KEYPAD_PROGRAM.o
                                0x534 (size before relaxing)
 .stab          0x000012d8      0xbf4 ./02-HAL/04-LCD/LCD_PROGRAM.o
                                0xd8c (size before relaxing)
 .stab          0x00001ecc     0x1038 ./02-HAL/03-SSD/SSD_PROGRAM.o
                               0x11d0 (size before relaxing)
 .stab          0x00002f04      0x2a0 ./02-HAL/02-DIP_SWITCH/DIP_PROGRAM.o
                                0x2ac (size before relaxing)
 .stab          0x000031a4      0x2d0 ./02-HAL/01-LED/LED_PROGRAM.o
                                0x2dc (size before relaxing)
 .stab          0x00003474      0x24c ./01-APP/main.o
                                0x3f0 (size before relaxing)

.stabstr        0x00000000     0x1732
 *(.stabstr)
 .stabstr       0x00000000     0x1732 ./03-MCAL/03-ADC/ADC_PROGRAM.o

.stab.excl
 *(.stab.excl)

.stab.exclstr
 *(.stab.exclstr)

.stab.index
 *(.stab.index)

.stab.indexstr
 *(.stab.indexstr)

.comment
 *(.comment)

.debug
 *(.debug)

.line
 *(.line)

.debug_srcinfo
 *(.debug_srcinfo)

.debug_sfnames
 *(.debug_sfnames)

.debug_aranges  0x00000000      0x140
 *(.debug_aranges)
 .debug_aranges
                0x00000000       0x20 c:/gharib/avr/winavr/bin/../lib/gcc/avr/4.3.3/avr5\libgcc.a(_fixunssfsi.o)
 .debug_aranges
                0x00000020       0x20 c:/gharib/avr/winavr/bin/../lib/gcc/avr/4.3.3/avr5\libgcc.a(_addsub_sf.o)
 .debug_aranges
                0x00000040       0x20 c:/gharib/avr/winavr/bin/../lib/gcc/avr/4.3.3/avr5\libgcc.a(_mul_sf.o)
 .debug_aranges
                0x00000060       0x20 c:/gharib/avr/winavr/bin/../lib/gcc/avr/4.3.3/avr5\libgcc.a(_gt_sf.o)
 .debug_aranges
                0x00000080       0x20 c:/gharib/avr/winavr/bin/../lib/gcc/avr/4.3.3/avr5\libgcc.a(_ge_sf.o)
 .debug_aranges
                0x000000a0       0x20 c:/gharib/avr/winavr/bin/../lib/gcc/avr/4.3.3/avr5\libgcc.a(_lt_sf.o)
 .debug_aranges
                0x000000c0       0x20 c:/gharib/avr/winavr/bin/../lib/gcc/avr/4.3.3/avr5\libgcc.a(_sf_to_si.o)
 .debug_aranges
                0x000000e0       0x20 c:/gharib/avr/winavr/bin/../lib/gcc/avr/4.3.3/avr5\libgcc.a(_pack_sf.o)
 .debug_aranges
                0x00000100       0x20 c:/gharib/avr/winavr/bin/../lib/gcc/avr/4.3.3/avr5\libgcc.a(_unpack_sf.o)
 .debug_aranges
                0x00000120       0x20 c:/gharib/avr/winavr/bin/../lib/gcc/avr/4.3.3/avr5\libgcc.a(_fpcmp_parts_sf.o)

.debug_pubnames
                0x00000000      0x170
 *(.debug_pubnames)
 .debug_pubnames
                0x00000000       0x23 c:/gharib/avr/winavr/bin/../lib/gcc/avr/4.3.3/avr5\libgcc.a(_fixunssfsi.o)
 .debug_pubnames
                0x00000023       0x2c c:/gharib/avr/winavr/bin/../lib/gcc/avr/4.3.3/avr5\libgcc.a(_addsub_sf.o)
 .debug_pubnames
                0x0000004f       0x1f c:/gharib/avr/winavr/bin/../lib/gcc/avr/4.3.3/avr5\libgcc.a(_mul_sf.o)
 .debug_pubnames
                0x0000006e       0x1e c:/gharib/avr/winavr/bin/../lib/gcc/avr/4.3.3/avr5\libgcc.a(_gt_sf.o)
 .debug_pubnames
                0x0000008c       0x1e c:/gharib/avr/winavr/bin/../lib/gcc/avr/4.3.3/avr5\libgcc.a(_ge_sf.o)
 .debug_pubnames
                0x000000aa       0x1e c:/gharib/avr/winavr/bin/../lib/gcc/avr/4.3.3/avr5\libgcc.a(_lt_sf.o)
 .debug_pubnames
                0x000000c8       0x20 c:/gharib/avr/winavr/bin/../lib/gcc/avr/4.3.3/avr5\libgcc.a(_sf_to_si.o)
 .debug_pubnames
                0x000000e8       0x22 c:/gharib/avr/winavr/bin/../lib/gcc/avr/4.3.3/avr5\libgcc.a(_thenan_sf.o)
 .debug_pubnames
                0x0000010a       0x1f c:/gharib/avr/winavr/bin/../lib/gcc/avr/4.3.3/avr5\libgcc.a(_pack_sf.o)
 .debug_pubnames
                0x00000129       0x21 c:/gharib/avr/winavr/bin/../lib/gcc/avr/4.3.3/avr5\libgcc.a(_unpack_sf.o)
 .debug_pubnames
                0x0000014a       0x26 c:/gharib/avr/winavr/bin/../lib/gcc/avr/4.3.3/avr5\libgcc.a(_fpcmp_parts_sf.o)

.debug_info     0x00000000     0x1c49
 *(.debug_info)
 .debug_info    0x00000000       0xb1 c:/gharib/avr/winavr/bin/../lib/gcc/avr/4.3.3/avr5\libgcc.a(_fixunssfsi.o)
 .debug_info    0x000000b1      0x47a c:/gharib/avr/winavr/bin/../lib/gcc/avr/4.3.3/avr5\libgcc.a(_addsub_sf.o)
 .debug_info    0x0000052b      0x485 c:/gharib/avr/winavr/bin/../lib/gcc/avr/4.3.3/avr5\libgcc.a(_mul_sf.o)
 .debug_info    0x000009b0      0x27f c:/gharib/avr/winavr/bin/../lib/gcc/avr/4.3.3/avr5\libgcc.a(_gt_sf.o)
 .debug_info    0x00000c2f      0x27f c:/gharib/avr/winavr/bin/../lib/gcc/avr/4.3.3/avr5\libgcc.a(_ge_sf.o)
 .debug_info    0x00000eae      0x27f c:/gharib/avr/winavr/bin/../lib/gcc/avr/4.3.3/avr5\libgcc.a(_lt_sf.o)
 .debug_info    0x0000112d      0x2b0 c:/gharib/avr/winavr/bin/../lib/gcc/avr/4.3.3/avr5\libgcc.a(_sf_to_si.o)
 .debug_info    0x000013dd      0x12c c:/gharib/avr/winavr/bin/../lib/gcc/avr/4.3.3/avr5\libgcc.a(_thenan_sf.o)
 .debug_info    0x00001509      0x2df c:/gharib/avr/winavr/bin/../lib/gcc/avr/4.3.3/avr5\libgcc.a(_pack_sf.o)
 .debug_info    0x000017e8      0x251 c:/gharib/avr/winavr/bin/../lib/gcc/avr/4.3.3/avr5\libgcc.a(_unpack_sf.o)
 .debug_info    0x00001a39      0x210 c:/gharib/avr/winavr/bin/../lib/gcc/avr/4.3.3/avr5\libgcc.a(_fpcmp_parts_sf.o)
 *(.gnu.linkonce.wi.*)

.debug_abbrev   0x00000000      0xeeb
 *(.debug_abbrev)
 .debug_abbrev  0x00000000       0x5d c:/gharib/avr/winavr/bin/../lib/gcc/avr/4.3.3/avr5\libgcc.a(_fixunssfsi.o)
 .debug_abbrev  0x0000005d      0x1ea c:/gharib/avr/winavr/bin/../lib/gcc/avr/4.3.3/avr5\libgcc.a(_addsub_sf.o)
 .debug_abbrev  0x00000247      0x21b c:/gharib/avr/winavr/bin/../lib/gcc/avr/4.3.3/avr5\libgcc.a(_mul_sf.o)
 .debug_abbrev  0x00000462      0x15a c:/gharib/avr/winavr/bin/../lib/gcc/avr/4.3.3/avr5\libgcc.a(_gt_sf.o)
 .debug_abbrev  0x000005bc      0x15a c:/gharib/avr/winavr/bin/../lib/gcc/avr/4.3.3/avr5\libgcc.a(_ge_sf.o)
 .debug_abbrev  0x00000716      0x15a c:/gharib/avr/winavr/bin/../lib/gcc/avr/4.3.3/avr5\libgcc.a(_lt_sf.o)
 .debug_abbrev  0x00000870      0x17f c:/gharib/avr/winavr/bin/../lib/gcc/avr/4.3.3/avr5\libgcc.a(_sf_to_si.o)
 .debug_abbrev  0x000009ef       0xad c:/gharib/avr/winavr/bin/../lib/gcc/avr/4.3.3/avr5\libgcc.a(_thenan_sf.o)
 .debug_abbrev  0x00000a9c      0x1c0 c:/gharib/avr/winavr/bin/../lib/gcc/avr/4.3.3/avr5\libgcc.a(_pack_sf.o)
 .debug_abbrev  0x00000c5c      0x154 c:/gharib/avr/winavr/bin/../lib/gcc/avr/4.3.3/avr5\libgcc.a(_unpack_sf.o)
 .debug_abbrev  0x00000db0      0x13b c:/gharib/avr/winavr/bin/../lib/gcc/avr/4.3.3/avr5\libgcc.a(_fpcmp_parts_sf.o)

.debug_line     0x00000000      0xdad
 *(.debug_line)
 .debug_line    0x00000000       0xa7 c:/gharib/avr/winavr/bin/../lib/gcc/avr/4.3.3/avr5\libgcc.a(_fixunssfsi.o)
 .debug_line    0x000000a7      0x2af c:/gharib/avr/winavr/bin/../lib/gcc/avr/4.3.3/avr5\libgcc.a(_addsub_sf.o)
 .debug_line    0x00000356      0x239 c:/gharib/avr/winavr/bin/../lib/gcc/avr/4.3.3/avr5\libgcc.a(_mul_sf.o)
 .debug_line    0x0000058f       0xd3 c:/gharib/avr/winavr/bin/../lib/gcc/avr/4.3.3/avr5\libgcc.a(_gt_sf.o)
 .debug_line    0x00000662       0xd3 c:/gharib/avr/winavr/bin/../lib/gcc/avr/4.3.3/avr5\libgcc.a(_ge_sf.o)
 .debug_line    0x00000735       0xd3 c:/gharib/avr/winavr/bin/../lib/gcc/avr/4.3.3/avr5\libgcc.a(_lt_sf.o)
 .debug_line    0x00000808      0x109 c:/gharib/avr/winavr/bin/../lib/gcc/avr/4.3.3/avr5\libgcc.a(_sf_to_si.o)
 .debug_line    0x00000911       0x90 c:/gharib/avr/winavr/bin/../lib/gcc/avr/4.3.3/avr5\libgcc.a(_thenan_sf.o)
 .debug_line    0x000009a1      0x18a c:/gharib/avr/winavr/bin/../lib/gcc/avr/4.3.3/avr5\libgcc.a(_pack_sf.o)
 .debug_line    0x00000b2b      0x14b c:/gharib/avr/winavr/bin/../lib/gcc/avr/4.3.3/avr5\libgcc.a(_unpack_sf.o)
 .debug_line    0x00000c76      0x137 c:/gharib/avr/winavr/bin/../lib/gcc/avr/4.3.3/avr5\libgcc.a(_fpcmp_parts_sf.o)

.debug_frame    0x00000000      0x160
 *(.debug_frame)
 .debug_frame   0x00000000       0x20 c:/gharib/avr/winavr/bin/../lib/gcc/avr/4.3.3/avr5\libgcc.a(_fixunssfsi.o)
 .debug_frame   0x00000020       0x40 c:/gharib/avr/winavr/bin/../lib/gcc/avr/4.3.3/avr5\libgcc.a(_addsub_sf.o)
 .debug_frame   0x00000060       0x20 c:/gharib/avr/winavr/bin/../lib/gcc/avr/4.3.3/avr5\libgcc.a(_mul_sf.o)
 .debug_frame   0x00000080       0x20 c:/gharib/avr/winavr/bin/../lib/gcc/avr/4.3.3/avr5\libgcc.a(_gt_sf.o)
 .debug_frame   0x000000a0       0x20 c:/gharib/avr/winavr/bin/../lib/gcc/avr/4.3.3/avr5\libgcc.a(_ge_sf.o)
 .debug_frame   0x000000c0       0x20 c:/gharib/avr/winavr/bin/../lib/gcc/avr/4.3.3/avr5\libgcc.a(_lt_sf.o)
 .debug_frame   0x000000e0       0x20 c:/gharib/avr/winavr/bin/../lib/gcc/avr/4.3.3/avr5\libgcc.a(_sf_to_si.o)
 .debug_frame   0x00000100       0x20 c:/gharib/avr/winavr/bin/../lib/gcc/avr/4.3.3/avr5\libgcc.a(_pack_sf.o)
 .debug_frame   0x00000120       0x20 c:/gharib/avr/winavr/bin/../lib/gcc/avr/4.3.3/avr5\libgcc.a(_unpack_sf.o)
 .debug_frame   0x00000140       0x20 c:/gharib/avr/winavr/bin/../lib/gcc/avr/4.3.3/avr5\libgcc.a(_fpcmp_parts_sf.o)

.debug_str      0x00000000      0x28d
 *(.debug_str)
 .debug_str     0x00000000       0xbf c:/gharib/avr/winavr/bin/../lib/gcc/avr/4.3.3/avr5\libgcc.a(_fixunssfsi.o)
                                 0xfe (size before relaxing)
 .debug_str     0x000000bf      0x14d c:/gharib/avr/winavr/bin/../lib/gcc/avr/4.3.3/avr5\libgcc.a(_addsub_sf.o)
                                0x206 (size before relaxing)
 .debug_str     0x0000020c       0x27 c:/gharib/avr/winavr/bin/../lib/gcc/avr/4.3.3/avr5\libgcc.a(_mul_sf.o)
                                0x1bf (size before relaxing)
 .debug_str     0x00000233        0xf c:/gharib/avr/winavr/bin/../lib/gcc/avr/4.3.3/avr5\libgcc.a(_gt_sf.o)
                                0x195 (size before relaxing)
 .debug_str     0x00000242        0x8 c:/gharib/avr/winavr/bin/../lib/gcc/avr/4.3.3/avr5\libgcc.a(_ge_sf.o)
                                0x195 (size before relaxing)
 .debug_str     0x0000024a        0x8 c:/gharib/avr/winavr/bin/../lib/gcc/avr/4.3.3/avr5\libgcc.a(_lt_sf.o)
                                0x195 (size before relaxing)
 .debug_str     0x00000252        0xa c:/gharib/avr/winavr/bin/../lib/gcc/avr/4.3.3/avr5\libgcc.a(_sf_to_si.o)
                                0x19e (size before relaxing)
 .debug_str     0x00000000      0x103 c:/gharib/avr/winavr/bin/../lib/gcc/avr/4.3.3/avr5\libgcc.a(_thenan_sf.o)
 .debug_str     0x0000025c       0x16 c:/gharib/avr/winavr/bin/../lib/gcc/avr/4.3.3/avr5\libgcc.a(_pack_sf.o)
                                0x19d (size before relaxing)
 .debug_str     0x00000272        0xb c:/gharib/avr/winavr/bin/../lib/gcc/avr/4.3.3/avr5\libgcc.a(_unpack_sf.o)
                                0x17f (size before relaxing)
 .debug_str     0x0000027d       0x10 c:/gharib/avr/winavr/bin/../lib/gcc/avr/4.3.3/avr5\libgcc.a(_fpcmp_parts_sf.o)
                                0x163 (size before relaxing)

.debug_loc      0x00000000      0x7ce
 *(.debug_loc)
 .debug_loc     0x00000000       0x34 c:/gharib/avr/winavr/bin/../lib/gcc/avr/4.3.3/avr5\libgcc.a(_fixunssfsi.o)
 .debug_loc     0x00000034      0x32a c:/gharib/avr/winavr/bin/../lib/gcc/avr/4.3.3/avr5\libgcc.a(_addsub_sf.o)
 .debug_loc     0x0000035e      0x104 c:/gharib/avr/winavr/bin/../lib/gcc/avr/4.3.3/avr5\libgcc.a(_mul_sf.o)
 .debug_loc     0x00000462       0x3c c:/gharib/avr/winavr/bin/../lib/gcc/avr/4.3.3/avr5\libgcc.a(_gt_sf.o)
 .debug_loc     0x0000049e       0x3c c:/gharib/avr/winavr/bin/../lib/gcc/avr/4.3.3/avr5\libgcc.a(_ge_sf.o)
 .debug_loc     0x000004da       0x3c c:/gharib/avr/winavr/bin/../lib/gcc/avr/4.3.3/avr5\libgcc.a(_lt_sf.o)
 .debug_loc     0x00000516       0x7e c:/gharib/avr/winavr/bin/../lib/gcc/avr/4.3.3/avr5\libgcc.a(_sf_to_si.o)
 .debug_loc     0x00000594      0x13e c:/gharib/avr/winavr/bin/../lib/gcc/avr/4.3.3/avr5\libgcc.a(_pack_sf.o)
 .debug_loc     0x000006d2       0xac c:/gharib/avr/winavr/bin/../lib/gcc/avr/4.3.3/avr5\libgcc.a(_unpack_sf.o)
 .debug_loc     0x0000077e       0x50 c:/gharib/avr/winavr/bin/../lib/gcc/avr/4.3.3/avr5\libgcc.a(_fpcmp_parts_sf.o)

.debug_macinfo
 *(.debug_macinfo)
OUTPUT(AVR.elf elf32-avr)
LOAD linker stubs

.debug_ranges   0x00000000       0x50
 .debug_ranges  0x00000000       0x50 c:/gharib/avr/winavr/bin/../lib/gcc/avr/4.3.3/avr5\libgcc.a(_mul_sf.o)
